Component: ARM Compiler 5.06 update 6 (build 750) Tool: armlink [4d35ed]

==============================================================================

Section Cross References

    startup_stm32g431xx.o(RESET) refers to startup_stm32g431xx.o(STACK) for __initial_sp
    startup_stm32g431xx.o(RESET) refers to startup_stm32g431xx.o(.text) for Reset_Handler
    startup_stm32g431xx.o(RESET) refers to stm32g4xx_it.o(i.NMI_Handler) for NMI_Handler
    startup_stm32g431xx.o(RESET) refers to stm32g4xx_it.o(i.HardFault_Handler) for HardFault_Handler
    startup_stm32g431xx.o(RESET) refers to stm32g4xx_it.o(i.MemManage_Handler) for MemManage_Handler
    startup_stm32g431xx.o(RESET) refers to stm32g4xx_it.o(i.BusFault_Handler) for BusFault_Handler
    startup_stm32g431xx.o(RESET) refers to stm32g4xx_it.o(i.UsageFault_Handler) for UsageFault_Handler
    startup_stm32g431xx.o(RESET) refers to port.o(.emb_text) for SVC_Handler
    startup_stm32g431xx.o(RESET) refers to stm32g4xx_it.o(i.DebugMon_Handler) for DebugMon_Handler
    startup_stm32g431xx.o(RESET) refers to stm32g4xx_it.o(i.SysTick_Handler) for SysTick_Handler
    startup_stm32g431xx.o(RESET) refers to stm32g4xx_it.o(i.DMA1_Channel1_IRQHandler) for DMA1_Channel1_IRQHandler
    startup_stm32g431xx.o(RESET) refers to stm32g4xx_it.o(i.DMA1_Channel2_IRQHandler) for DMA1_Channel2_IRQHandler
    startup_stm32g431xx.o(RESET) refers to stm32g4xx_it.o(i.FDCAN1_IT0_IRQHandler) for FDCAN1_IT0_IRQHandler
    startup_stm32g431xx.o(.text) refers to system_stm32g4xx.o(i.SystemInit) for SystemInit
    startup_stm32g431xx.o(.text) refers to entry.o(.ARM.Collect$$$$00000000) for __main
    main.o(i.SystemClock_Config) refers to memseta.o(.text) for __aeabi_memclr4
    main.o(i.SystemClock_Config) refers to stm32g4xx_hal_pwr_ex.o(i.HAL_PWREx_ControlVoltageScaling) for HAL_PWREx_ControlVoltageScaling
    main.o(i.SystemClock_Config) refers to stm32g4xx_hal_rcc.o(i.HAL_RCC_OscConfig) for HAL_RCC_OscConfig
    main.o(i.SystemClock_Config) refers to stm32g4xx_hal_rcc.o(i.HAL_RCC_ClockConfig) for HAL_RCC_ClockConfig
    main.o(i.fputc) refers to stm32g4xx_hal_uart.o(i.HAL_UART_Transmit) for HAL_UART_Transmit
    main.o(i.fputc) refers to usart.o(.bss) for huart1
    main.o(i.main) refers to stm32g4xx_hal.o(i.HAL_Init) for HAL_Init
    main.o(i.main) refers to main.o(i.SystemClock_Config) for SystemClock_Config
    main.o(i.main) refers to gpio.o(i.MX_GPIO_Init) for MX_GPIO_Init
    main.o(i.main) refers to dma.o(i.MX_DMA_Init) for MX_DMA_Init
    main.o(i.main) refers to usart.o(i.MX_USART1_UART_Init) for MX_USART1_UART_Init
    main.o(i.main) refers to adc.o(i.MX_ADC1_Init) for MX_ADC1_Init
    main.o(i.main) refers to adc.o(i.MX_ADC2_Init) for MX_ADC2_Init
    main.o(i.main) refers to fdcan.o(i.MX_FDCAN1_Init) for MX_FDCAN1_Init
    main.o(i.main) refers to usart.o(i.MX_USART2_UART_Init) for MX_USART2_UART_Init
    main.o(i.main) refers to usart.o(i.MX_USART3_UART_Init) for MX_USART3_UART_Init
    main.o(i.main) refers to cmsis_os2.o(i.osKernelInitialize) for osKernelInitialize
    main.o(i.main) refers to app_freertos.o(i.MX_FREERTOS_Init) for MX_FREERTOS_Init
    main.o(i.main) refers to cmsis_os2.o(i.osKernelStart) for osKernelStart
    gpio.o(i.MX_GPIO_Init) refers to memseta.o(.text) for __aeabi_memclr4
    gpio.o(i.MX_GPIO_Init) refers to stm32g4xx_hal_gpio.o(i.HAL_GPIO_WritePin) for HAL_GPIO_WritePin
    gpio.o(i.MX_GPIO_Init) refers to stm32g4xx_hal_gpio.o(i.HAL_GPIO_Init) for HAL_GPIO_Init
    app_freertos.o(i.MX_FREERTOS_Init) refers to cmsis_os2.o(i.osThreadNew) for osThreadNew
    app_freertos.o(i.MX_FREERTOS_Init) refers to app_freertos.o(.constdata) for .constdata
    app_freertos.o(i.MX_FREERTOS_Init) refers to app_freertos.o(i.Start_BlueLED_Task) for Start_BlueLED_Task
    app_freertos.o(i.MX_FREERTOS_Init) refers to app_freertos.o(.data) for .data
    app_freertos.o(i.MX_FREERTOS_Init) refers to app_freertos.o(i.Start_GetADC_Task) for Start_GetADC_Task
    app_freertos.o(i.MX_FREERTOS_Init) refers to app_freertos.o(i.StartMotorCTRL_Task) for StartMotorCTRL_Task
    app_freertos.o(i.MX_FREERTOS_Init) refers to app_freertos.o(i.Start_Serial_Task) for Start_Serial_Task
    app_freertos.o(i.StartMotorCTRL_Task) refers to can_user.o(i.FDCAN_Filter_Init) for FDCAN_Filter_Init
    app_freertos.o(i.StartMotorCTRL_Task) refers to cmsis_os2.o(i.osDelay) for osDelay
    app_freertos.o(i.StartMotorCTRL_Task) refers to can_user.o(i.FDCAN_DM_cmd_SETZERO) for FDCAN_DM_cmd_SETZERO
    app_freertos.o(i.StartMotorCTRL_Task) refers to printfb.o(i.__0printf$bare) for __2printf
    app_freertos.o(i.StartMotorCTRL_Task) refers to can_user.o(i.FDCAN_DM_cmd_STATE) for FDCAN_DM_cmd_STATE
    app_freertos.o(i.StartMotorCTRL_Task) refers to arm_ctrl.o(i.motor_pos_limit) for motor_pos_limit
    app_freertos.o(i.StartMotorCTRL_Task) refers to arm_ctrl.o(i.enable_state_test) for enable_state_test
[...]
    i.__NVIC_SetPriority                     0x08003e4c   Section        0  stm32g4xx_hal_cortex.o(i.__NVIC_SetPriority)
    __NVIC_SetPriority                       0x08003e4d   Thumb Code    32  stm32g4xx_hal_cortex.o(i.__NVIC_SetPriority)
    i.__scatterload_copy                     0x08003e6c   Section       14  handlers.o(i.__scatterload_copy)
    i.__scatterload_null                     0x08003e7a   Section        2  handlers.o(i.__scatterload_null)
    i.__scatterload_zeroinit                 0x08003e7c   Section       14  handlers.o(i.__scatterload_zeroinit)
    i._printf_core                           0x08003e8a   Section        0  printfb.o(i._printf_core)
    _printf_core                             0x08003e8b   Thumb Code    34  printfb.o(i._printf_core)
    i.adc1_user_init                         0x08003eac   Section        0  adc_user.o(i.adc1_user_init)
    i.adc2_user_init                         0x08003ed4   Section        0  adc_user.o(i.adc2_user_init)
    i.catch_out_test                         0x08003efc   Section        0  arm_ctrl.o(i.catch_out_test)
    i.enable_state_test                      0x08003f38   Section        0  arm_ctrl.o(i.enable_state_test)
    i.fputc                                  0x08003f7c   Section        0  main.o(i.fputc)
    i.get_first_test                         0x08003f9c   Section        0  arm_ctrl.o(i.get_first_test)
    i.get_second_test                        0x08003fe0   Section        0  arm_ctrl.o(i.get_second_test)
    i.hold_state_test                        0x08004018   Section        0  arm_ctrl.o(i.hold_state_test)
    i.main                                   0x0800405c   Section        0  main.o(i.main)
    i.motor_pos_limit                        0x08004094   Section        0  arm_ctrl.o(i.motor_pos_limit)
    i.osDelay                                0x08004164   Section        0  cmsis_os2.o(i.osDelay)
    i.osKernelInitialize                     0x08004180   Section        0  cmsis_os2.o(i.osKernelInitialize)
    i.osKernelStart                          0x080041a4   Section        0  cmsis_os2.o(i.osKernelStart)
    i.osThreadNew                            0x080041dc   Section        0  cmsis_os2.o(i.osThreadNew)
    i.prvAddCurrentTaskToDelayedList         0x08004268   Section        0  tasks.o(i.prvAddCurrentTaskToDelayedList)
    prvAddCurrentTaskToDelayedList           0x08004269   Thumb Code    84  tasks.o(i.prvAddCurrentTaskToDelayedList)
    i.prvAddNewTaskToReadyList               0x080042c4   Section        0  tasks.o(i.prvAddNewTaskToReadyList)
    prvAddNewTaskToReadyList                 0x080042c5   Thumb Code   190  tasks.o(i.prvAddNewTaskToReadyList)
    i.prvCheckForValidListAndQueue           0x08004394   Section        0  timers.o(i.prvCheckForValidListAndQueue)
    prvCheckForValidListAndQueue             0x08004395   Thumb Code    72  timers.o(i.prvCheckForValidListAndQueue)
    i.prvCopyDataFromQueue                   0x080043ec   Section        0  queue.o(i.prvCopyDataFromQueue)
    prvCopyDataFromQueue                     0x080043ed   Thumb Code    38  queue.o(i.prvCopyDataFromQueue)
    i.prvCopyDataToQueue                     0x08004412   Section        0  queue.o(i.prvCopyDataToQueue)
    prvCopyDataToQueue                       0x08004413   Thumb Code   108  queue.o(i.prvCopyDataToQueue)
    i.prvDeleteTCB                           0x0800447e   Section        0  tasks.o(i.prvDeleteTCB)
    prvDeleteTCB                             0x0800447f   Thumb Code    52  tasks.o(i.prvDeleteTCB)
    i.prvHeapInit                            0x080044b4   Section        0  heap_4.o(i.prvHeapInit)
    prvHeapInit                              0x080044b5   Thumb Code    66  heap_4.o(i.prvHeapInit)
    i.prvIdleTask                            0x08004500   Section        0  tasks.o(i.prvIdleTask)
    prvIdleTask                              0x08004501   Thumb Code    82  tasks.o(i.prvIdleTask)
    i.prvInitialiseNewQueue                  0x08004560   Section        0  queue.o(i.prvInitialiseNewQueue)
    prvInitialiseNewQueue                    0x08004561   Thumb Code    34  queue.o(i.prvInitialiseNewQueue)
    i.prvInitialiseNewTask                   0x08004584   Section        0  tasks.o(i.prvInitialiseNewTask)
    prvInitialiseNewTask                     0x08004585   Thumb Code   176  tasks.o(i.prvInitialiseNewTask)
    i.prvInsertBlockIntoFreeList             0x08004634   Section        0  heap_4.o(i.prvInsertBlockIntoFreeList)
    prvInsertBlockIntoFreeList               0x08004635   Thumb Code    72  heap_4.o(i.prvInsertBlockIntoFreeList)
    i.prvInsertTimerInActiveList             0x08004680   Section        0  timers.o(i.prvInsertTimerInActiveList)
    prvInsertTimerInActiveList               0x08004681   Thumb Code    52  timers.o(i.prvInsertTimerInActiveList)
    i.prvIsQueueEmpty                        0x080046b8   Section        0  queue.o(i.prvIsQueueEmpty)
    prvIsQueueEmpty                          0x080046b9   Thumb Code    28  queue.o(i.prvIsQueueEmpty)
    i.prvProcessReceivedCommands             0x080046d4   Section        0  timers.o(i.prvProcessReceivedCommands)
    prvProcessReceivedCommands               0x080046d5   Thumb Code   248  timers.o(i.prvProcessReceivedCommands)
    i.prvProcessTimerOrBlockTask             0x080047d0   Section        0  timers.o(i.prvProcessTimerOrBlockTask)
    prvProcessTimerOrBlockTask               0x080047d1   Thumb Code   182  timers.o(i.prvProcessTimerOrBlockTask)
    i.prvResetNextTaskUnblockTime            0x08004890   Section        0  tasks.o(i.prvResetNextTaskUnblockTime)
    prvResetNextTaskUnblockTime              0x08004891   Thumb Code    26  tasks.o(i.prvResetNextTaskUnblockTime)
    i.prvSampleTimeNow                       0x080048b0   Section        0  timers.o(i.prvSampleTimeNow)
    prvSampleTimeNow                         0x080048b1   Thumb Code    36  timers.o(i.prvSampleTimeNow)
    i.prvSwitchTimerLists                    0x080048d8   Section        0  timers.o(i.prvSwitchTimerLists)
    prvSwitchTimerLists                      0x080048d9   Thumb Code   104  timers.o(i.prvSwitchTimerLists)
    i.prvTaskExitError                       0x08004944   Section        0  port.o(i.prvTaskExitError)
    prvTaskExitError                         0x08004945   Thumb Code    36  port.o(i.prvTaskExitError)
    i.prvTimerTask                           0x0800496c   Section        0  timers.o(i.prvTimerTask)
    prvTimerTask                             0x0800496d   Thumb Code    32  timers.o(i.prvTimerTask)
    i.prvUnlockQueue                         0x08004990   Section        0  queue.o(i.prvUnlockQueue)
    prvUnlockQueue                           0x08004991   Thumb Code   106  queue.o(i.prvUnlockQueue)
    i.put_first_kuang_test                   0x080049fc   Section        0  arm_ctrl.o(i.put_first_kuang_test)
    i.put_first_kuang_test2                  0x08004a38   Section        0  arm_ctrl.o(i.put_first_kuang_test2)
    i.pvPortMalloc                           0x08004a70   Section        0  heap_4.o(i.pvPortMalloc)
    i.pxPortInitialiseStack                  0x08004b4c   Section        0  port.o(i.pxPortInitialiseStack)
    i.uart_transmit_arm_data                 0x08004b78   Section        0  uart_user.o(i.uart_transmit_arm_data)
    i.uxListRemove                           0x08004c04   Section        0  list.o(i.uxListRemove)
    i.vApplicationGetIdleTaskMemory          0x08004c2c   Section        0  cmsis_os2.o(i.vApplicationGetIdleTaskMemory)
    i.vApplicationGetTimerTaskMemory         0x08004c40   Section        0  cmsis_os2.o(i.vApplicationGetTimerTaskMemory)
    i.vListInitialise                        0x08004c58   Section        0  list.o(i.vListInitialise)
    i.vListInitialiseItem                    0x08004c6e   Section        0  list.o(i.vListInitialiseItem)
    i.vListInsert                            0x08004c74   Section        0  list.o(i.vListInsert)
    i.vListInsertEnd                         0x08004ca4   Section        0  list.o(i.vListInsertEnd)
    i.vPortEnterCritical                     0x08004cbc   Section        0  port.o(i.vPortEnterCritical)
    i.vPortExitCritical                      0x08004cfc   Section        0  port.o(i.vPortExitCritical)
    i.vPortFree                              0x08004d24   Section        0  heap_4.o(i.vPortFree)
    i.vPortSetupTimerInterrupt               0x08004d88   Section        0  port.o(i.vPortSetupTimerInterrupt)
    i.vPortValidateInterruptPriority         0x08004dac   Section        0  port.o(i.vPortValidateInterruptPriority)
    i.vQueueAddToRegistry                    0x08004e00   Section        0  queue.o(i.vQueueAddToRegistry)
    i.vQueueWaitForMessageRestricted         0x08004e28   Section        0  queue.o(i.vQueueWaitForMessageRestricted)
    i.vTaskDelay                             0x08004e6c   Section        0  tasks.o(i.vTaskDelay)
    i.vTaskInternalSetTimeOutState           0x08004eb8   Section        0  tasks.o(i.vTaskInternalSetTimeOutState)
    i.vTaskMissedYield                       0x08004ec8   Section        0  tasks.o(i.vTaskMissedYield)
    i.vTaskPlaceOnEventList                  0x08004ed4   Section        0  tasks.o(i.vTaskPlaceOnEventList)
    i.vTaskPlaceOnEventListRestricted        0x08004f04   Section        0  tasks.o(i.vTaskPlaceOnEventListRestricted)
    i.vTaskStartScheduler                    0x08004f3c   Section        0  tasks.o(i.vTaskStartScheduler)
    i.vTaskSuspendAll                        0x08004fc4   Section        0  tasks.o(i.vTaskSuspendAll)
    i.vTaskSwitchContext                     0x08004fd4   Section        0  tasks.o(i.vTaskSwitchContext)
    i.xPortStartScheduler                    0x08005038   Section        0  port.o(i.xPortStartScheduler)
    i.xPortSysTickHandler                    0x0800512c   Section        0  port.o(i.xPortSysTickHandler)
    i.xQueueGenericCreateStatic              0x08005158   Section        0  queue.o(i.xQueueGenericCreateStatic)
    i.xQueueGenericReset                     0x080051c0   Section        0  queue.o(i.xQueueGenericReset)
    i.xQueueGenericSend                      0x08005248   Section        0  queue.o(i.xQueueGenericSend)
    i.xQueueGenericSendFromISR               0x080053a8   Section        0  queue.o(i.xQueueGenericSendFromISR)
    i.xQueueReceive                          0x08005468   Section        0  queue.o(i.xQueueReceive)
    i.xTaskCheckForTimeOut                   0x080055a0   Section        0  tasks.o(i.xTaskCheckForTimeOut)
    i.xTaskCreate                            0x08005614   Section        0  tasks.o(i.xTaskCreate)
    i.xTaskCreateStatic                      0x0800566e   Section        0  tasks.o(i.xTaskCreateStatic)
    i.xTaskGetSchedulerState                 0x080056c4   Section        0  tasks.o(i.xTaskGetSchedulerState)
    i.xTaskGetTickCount                      0x080056e0   Section        0  tasks.o(i.xTaskGetTickCount)
    i.xTaskIncrementTick                     0x080056ec   Section        0  tasks.o(i.xTaskIncrementTick)
    i.xTaskPriorityDisinherit                0x080057b4   Section        0  tasks.o(i.xTaskPriorityDisinherit)
    i.xTaskRemoveFromEventList               0x08005834   Section        0  tasks.o(i.xTaskRemoveFromEventList)
    i.xTaskResumeAll                         0x080058a4   Section        0  tasks.o(i.xTaskResumeAll)
    i.xTimerCreateTimerTask                  0x08005968   Section        0  timers.o(i.xTimerCreateTimerTask)
    i.xTimerGenericCommand                   0x080059c8   Section        0  timers.o(i.xTimerGenericCommand)
    .constdata                               0x08005a30   Section      144  app_freertos.o(.constdata)
    .constdata                               0x08005ac0   Section       16  stm32g4xx_hal_fdcan.o(.constdata)
    DLCtoBytes                               0x08005ac0   Data          16  stm32g4xx_hal_fdcan.o(.constdata)
    .constdata                               0x08005ad0   Section       24  stm32g4xx_hal_uart.o(.constdata)
    .constdata                               0x08005ae8   Section       16  stm32g4xx_hal_uart_ex.o(.constdata)
    numerator                                0x08005ae8   Data           8  stm32g4xx_hal_uart_ex.o(.constdata)
    denominator                              0x08005af0   Data           8  stm32g4xx_hal_uart_ex.o(.constdata)
    .constdata                               0x08005af8   Section       16  system_stm32g4xx.o(.constdata)
    .constdata                               0x08005b08   Section        8  system_stm32g4xx.o(.constdata)
    .constdata                               0x08005b10   Section      768  uart_user.o(.constdata)
    .conststring                             0x08005e10   Section       56  app_freertos.o(.conststring)
    .data                                    0x20000000   Section       24  app_freertos.o(.data)
    put_first_kuang_state2                   0x20000000   Data           1  app_freertos.o(.data)
    arm_enable_state                         0x20000001   Data           1  app_freertos.o(.data)
    arm_hold_state                           0x20000002   Data           1  app_freertos.o(.data)
    first_get_state                          0x20000003   Data           1  app_freertos.o(.data)
    second_get_state                         0x20000004   Data           1  app_freertos.o(.data)
    put_first_kuang_state                    0x20000005   Data           1  app_freertos.o(.data)
    catch_out_state                          0x20000006   Data           1  app_freertos.o(.data)
    .data                                    0x20000018   Section        4  adc.o(.data)
    HAL_RCC_ADC12_CLK_ENABLED                0x20000018   Data           4  adc.o(.data)
    .data                                    0x2000001c   Section       12  stm32g4xx_hal.o(.data)
    .data                                    0x20000028   Section        4  system_stm32g4xx.o(.data)
    .data                                    0x2000002c   Section       60  tasks.o(.data)
    uxDeletedTasksWaitingCleanUp             0x20000030   Data           4  tasks.o(.data)
    uxCurrentNumberOfTasks                   0x20000034   Data           4  tasks.o(.data)
    xTickCount                               0x20000038   Data           4  tasks.o(.data)
    uxTopReadyPriority                       0x2000003c   Data           4  tasks.o(.data)
    xSchedulerRunning                        0x20000040   Data           4  tasks.o(.data)
    xPendedTicks                             0x20000044   Data           4  tasks.o(.data)
    xYieldPending                            0x20000048   Data           4  tasks.o(.data)
    xNumOfOverflows                          0x2000004c   Data           4  tasks.o(.data)
    uxTaskNumber                             0x20000050   Data           4  tasks.o(.data)
    xNextTaskUnblockTime                     0x20000054   Data           4  tasks.o(.data)
    xIdleTaskHandle                          0x20000058   Data           4  tasks.o(.data)
    uxSchedulerSuspended                     0x2000005c   Data           4  tasks.o(.data)
    pxDelayedTaskList                        0x20000060   Data           4  tasks.o(.data)
    pxOverflowDelayedTaskList                0x20000064   Data           4  tasks.o(.data)
    .data                                    0x20000068   Section       20  timers.o(.data)
    xTimerQueue                              0x20000068   Data           4  timers.o(.data)
    xTimerTaskHandle                         0x2000006c   Data           4  timers.o(.data)
    xLastTime                                0x20000070   Data           4  timers.o(.data)
    pxCurrentTimerList                       0x20000074   Data           4  timers.o(.data)
    pxOverflowTimerList                      0x20000078   Data           4  timers.o(.data)
    .data                                    0x2000007c   Section        4  cmsis_os2.o(.data)
    KernelState                              0x2000007c   Data           4  cmsis_os2.o(.data)
    .data                                    0x20000080   Section       32  heap_4.o(.data)
    pxEnd                                    0x20000080   Data           4  heap_4.o(.data)
    xFreeBytesRemaining                      0x20000084   Data           4  heap_4.o(.data)
    xMinimumEverFreeBytesRemaining           0x20000088   Data           4  heap_4.o(.data)
    xNumberOfSuccessfulAllocations           0x2000008c   Data           4  heap_4.o(.data)
    xNumberOfSuccessfulFrees                 0x20000090   Data           4  heap_4.o(.data)
    xBlockAllocatedBit                       0x20000094   Data           4  heap_4.o(.data)
    xStart                                   0x20000098   Data           8  heap_4.o(.data)
    .data                                    0x200000a0   Section       12  port.o(.data)
    ucMaxSysCallPriority                     0x200000a0   Data           1  port.o(.data)
    uxCriticalNesting                        0x200000a4   Data           4  port.o(.data)
    ulMaxPRIGROUPValue                       0x200000a8   Data           4  port.o(.data)
    .data                                    0x200000ac   Section       12  adc_user.o(.data)
    .data                                    0x200000b8   Section        8  can_user.o(.data)
    DM_arm_can_send_data                     0x200000b8   Data           8  can_user.o(.data)
    .data                                    0x200000c0   Section       14  uart_user.o(.data)
    header                                   0x200000c9   Data           5  uart_user.o(.data)
    .data                                    0x200000ce   Section        1  adc_filter.o(.data)
    adc_index                                0x200000ce   Data           1  adc_filter.o(.data)
    .data                                    0x200000cf   Section        1  arm_ctrl.o(.data)
    .data                                    0x200000d0   Section        4  arm_ctrl.o(.data)
    .data                                    0x200000d4   Section        4  arm_ctrl.o(.data)
    .data                                    0x200000d8   Section        4  arm_ctrl.o(.data)
    .data                                    0x200000dc   Section        4  arm_ctrl.o(.data)
    .data                                    0x200000e0   Section        4  arm_ctrl.o(.data)
    .data                                    0x200000e4   Section        4  arm_ctrl.o(.data)
    .data                                    0x200000e8   Section        4  stdout.o(.data)
    .bss                                     0x200000ec   Section      408  adc.o(.bss)
    .bss                                     0x20000284   Section      100  fdcan.o(.bss)
    .bss                                     0x200002e8   Section      444  usart.o(.bss)
    .bss                                     0x200004a4   Section       64  queue.o(.bss)
    .bss                                     0x200004e4   Section     1220  tasks.o(.bss)
    pxReadyTasksLists                        0x200004e4   Data        1120  tasks.o(.bss)
    xDelayedTaskList1                        0x20000944   Data          20  tasks.o(.bss)
    xDelayedTaskList2                        0x20000958   Data          20  tasks.o(.bss)
    xPendingReadyList                        0x2000096c   Data          20  tasks.o(.bss)
    xTasksWaitingTermination                 0x20000980   Data          20  tasks.o(.bss)
    xSuspendedTaskList                       0x20000994   Data          20  tasks.o(.bss)
    .bss                                     0x200009a8   Section      280  timers.o(.bss)
    xStaticTimerQueue                        0x200009a8   Data          80  timers.o(.bss)
    ucStaticTimerQueueStorage                0x200009f8   Data         160  timers.o(.bss)
    xActiveTimerList1                        0x20000a98   Data          20  timers.o(.bss)
    xActiveTimerList2                        0x20000aac   Data          20  timers.o(.bss)
    .bss                                     0x20000ac0   Section     1720  cmsis_os2.o(.bss)
    Idle_TCB                                 0x20000ac0   Data          92  cmsis_os2.o(.bss)
    Idle_Stack                               0x20000b1c   Data         512  cmsis_os2.o(.bss)
    Timer_TCB                                0x20000d1c   Data          92  cmsis_os2.o(.bss)
    Timer_Stack                              0x20000d78   Data        1024  cmsis_os2.o(.bss)
    .bss                                     0x20001178   Section     4096  heap_4.o(.bss)
    ucHeap                                   0x20001178   Data        4096  heap_4.o(.bss)
    .bss                                     0x20002178   Section       36  can_user.o(.bss)
    DM_arm_tx_message                        0x20002178   Data          36  can_user.o(.bss)
    .bss                                     0x2000219c   Section       93  uart_user.o(.bss)
    .bss                                     0x200021fc   Section      264  adc_filter.o(.bss)
    adc1_hist                                0x200021fc   Data         120  adc_filter.o(.bss)
    adc2_hist                                0x20002274   Data         120  adc_filter.o(.bss)
    adc1_sum                                 0x200022ec   Data          12  adc_filter.o(.bss)
    adc2_sum                                 0x200022f8   Data          12  adc_filter.o(.bss)
    STACK                                    0x20002308   Section     1024  startup_stm32g431xx.o(STACK)

    Global Symbols

    Symbol Name                              Value     Ov Type        Size  Object(Section)

    BuildAttributes$$THM_ISAv4$E$P$D$K$B$S$7EM$VFPi3$EXTD16$VFPS$VFMA$PE$A:L22UL41UL21$X:L11$S22US41US21$IEEE1$IW$USESV6$~STKCKD$USESV7$~SHL$OTIME$ROPI$EBA8$MICROLIB$REQ8$PRES8$EABIv2 0x00000000   Number         0  anon$$obj.o ABSOLUTE
    __ARM_use_no_argv                        0x00000000   Number         0  main.o ABSOLUTE
    __cpp_initialize__aeabi_                  - Undefined Weak Reference
    __cxa_finalize                            - Undefined Weak Reference
    __decompress                              - Undefined Weak Reference
    _clock_init                               - Undefined Weak Reference
    _microlib_exit                            - Undefined Weak Reference
    __Vectors_Size                           0x000001d8   Number         0  startup_stm32g431xx.o ABSOLUTE
    __Vectors                                0x08000000   Data           4  startup_stm32g431xx.o(RESET)
    __Vectors_End                            0x080001d8   Data           0  startup_stm32g431xx.o(RESET)
    __main                                   0x080001d9   Thumb Code     0  entry.o(.ARM.Collect$$$$00000000)
    _main_stk                                0x080001d9   Thumb Code     0  entry2.o(.ARM.Collect$$$$00000001)
    _main_scatterload                        0x080001dd   Thumb Code     0  entry5.o(.ARM.Collect$$$$00000004)
    __main_after_scatterload                 0x080001e1   Thumb Code     0  entry5.o(.ARM.Collect$$$$00000004)
    _main_clock                              0x080001e1   Thumb Code     0  entry7b.o(.ARM.Collect$$$$00000008)
    _main_cpp_init                           0x080001e1   Thumb Code     0  entry8b.o(.ARM.Collect$$$$0000000A)
    _main_init                               0x080001e1   Thumb Code     0  entry9a.o(.ARM.Collect$$$$0000000B)
    __rt_final_cpp                           0x080001e9   Thumb Code     0  entry10a.o(.ARM.Collect$$$$0000000D)
    __rt_final_exit                          0x080001e9   Thumb Code     0  entry11a.o(.ARM.Collect$$$$0000000F)
    SVC_Handler                              0x080001ed   Thumb Code    28  port.o(.emb_text)
    __asm___6_port_c_39a90d8d__prvStartFirstTask 0x0800020d   Thumb Code    36  port.o(.emb_text)
    __asm___6_port_c_39a90d8d__prvEnableVFP  0x08000235   Thumb Code    16  port.o(.emb_text)
    PendSV_Handler                           0x08000249   Thumb Code    88  port.o(.emb_text)
    vPortGetIPSR                             0x080002a5   Thumb Code     6  port.o(.emb_text)
    Reset_Handler                            0x080002ad   Thumb Code     8  startup_stm32g431xx.o(.text)
    ADC1_2_IRQHandler                        0x080002c7   Thumb Code     0  startup_stm32g431xx.o(.text)
    COMP1_2_3_IRQHandler                     0x080002c7   Thumb Code     0  startup_stm32g431xx.o(.text)
    COMP4_IRQHandler                         0x080002c7   Thumb Code     0  startup_stm32g431xx.o(.text)
    CORDIC_IRQHandler                        0x080002c7   Thumb Code     0  startup_stm32g431xx.o(.text)
    CRS_IRQHandler                           0x080002c7   Thumb Code     0  startup_stm32g431xx.o(.text)
    DMA1_Channel3_IRQHandler                 0x080002c7   Thumb Code     0  startup_stm32g431xx.o(.text)
    DMA1_Channel4_IRQHandler                 0x080002c7   Thumb Code     0  startup_stm32g431xx.o(.text)
    DMA1_Channel5_IRQHandler                 0x080002c7   Thumb Code     0  startup_stm32g431xx.o(.text)
    DMA1_Channel6_IRQHandler                 0x080002c7   Thumb Code     0  startup_stm32g431xx.o(.text)
    DMA2_Channel1_IRQHandler                 0x080002c7   Thumb Code     0  startup_stm32g431xx.o(.text)
    DMA2_Channel2_IRQHandler                 0x080002c7   Thumb Code     0  startup_stm32g431xx.o(.text)
    DMA2_Channel3_IRQHandler                 0x080002c7   Thumb Code     0  startup_stm32g431xx.o(.text)
    DMA2_Channel4_IRQHandler                 0x080002c7   Thumb Code     0  startup_stm32g431xx.o(.text)
    DMA2_Channel5_IRQHandler                 0x080002c7   Thumb Code     0  startup_stm32g431xx.o(.text)
    DMA2_Channel6_IRQHandler                 0x080002c7   Thumb Code     0  startup_stm32g431xx.o(.text)
    DMAMUX_OVR_IRQHandler                    0x080002c7   Thumb Code     0  startup_stm32g431xx.o(.text)
    EXTI0_IRQHandler                         0x080002c7   Thumb Code     0  startup_stm32g431xx.o(.text)
    EXTI15_10_IRQHandler                     0x080002c7   Thumb Code     0  startup_stm32g431xx.o(.text)
    EXTI1_IRQHandler                         0x080002c7   Thumb Code     0  startup_stm32g431xx.o(.text)
    EXTI2_IRQHandler                         0x080002c7   Thumb Code     0  startup_stm32g431xx.o(.text)
    EXTI3_IRQHandler                         0x080002c7   Thumb Code     0  startup_stm32g431xx.o(.text)
    EXTI4_IRQHandler                         0x080002c7   Thumb Code     0  startup_stm32g431xx.o(.text)
    EXTI9_5_IRQHandler                       0x080002c7   Thumb Code     0  startup_stm32g431xx.o(.text)
    FDCAN1_IT1_IRQHandler                    0x080002c7   Thumb Code     0  startup_stm32g431xx.o(.text)
    FLASH_IRQHandler                         0x080002c7   Thumb Code     0  startup_stm32g431xx.o(.text)
    FMAC_IRQHandler                          0x080002c7   Thumb Code     0  startup_stm32g431xx.o(.text)
    FPU_IRQHandler                           0x080002c7   Thumb Code     0  startup_stm32g431xx.o(.text)
    I2C1_ER_IRQHandler                       0x080002c7   Thumb Code     0  startup_stm32g431xx.o(.text)
    I2C1_EV_IRQHandler                       0x080002c7   Thumb Code     0  startup_stm32g431xx.o(.text)
    I2C2_ER_IRQHandler                       0x080002c7   Thumb Code     0  startup_stm32g431xx.o(.text)
    I2C2_EV_IRQHandler                       0x080002c7   Thumb Code     0  startup_stm32g431xx.o(.text)
    I2C3_ER_IRQHandler                       0x080002c7   Thumb Code     0  startup_stm32g431xx.o(.text)
    I2C3_EV_IRQHandler                       0x080002c7   Thumb Code     0  startup_stm32g431xx.o(.text)
    LPTIM1_IRQHandler                        0x080002c7   Thumb Code     0  startup_stm32g431xx.o(.text)
    LPUART1_IRQHandler                       0x080002c7   Thumb Code     0  startup_stm32g431xx.o(.text)
    PVD_PVM_IRQHandler                       0x080002c7   Thumb Code     0  startup_stm32g431xx.o(.text)
    RCC_IRQHandler                           0x080002c7   Thumb Code     0  startup_stm32g431xx.o(.text)
    RNG_IRQHandler                           0x080002c7   Thumb Code     0  startup_stm32g431xx.o(.text)
    RTC_Alarm_IRQHandler                     0x080002c7   Thumb Code     0  startup_stm32g431xx.o(.text)
    RTC_TAMP_LSECSS_IRQHandler               0x080002c7   Thumb Code     0  startup_stm32g431xx.o(.text)
    RTC_WKUP_IRQHandler                      0x080002c7   Thumb Code     0  startup_stm32g431xx.o(.text)
    SAI1_IRQHandler                          0x080002c7   Thumb Code     0  startup_stm32g431xx.o(.text)
    SPI1_IRQHandler                          0x080002c7   Thumb Code     0  startup_stm32g431xx.o(.text)
    SPI2_IRQHandler                          0x080002c7   Thumb Code     0  startup_stm32g431xx.o(.text)
    SPI3_IRQHandler                          0x080002c7   Thumb Code     0  startup_stm32g431xx.o(.text)
    TIM1_BRK_TIM15_IRQHandler                0x080002c7   Thumb Code     0  startup_stm32g431xx.o(.text)
    TIM1_CC_IRQHandler                       0x080002c7   Thumb Code     0  startup_stm32g431xx.o(.text)
    TIM1_TRG_COM_TIM17_IRQHandler            0x080002c7   Thumb Code     0  startup_stm32g431xx.o(.text)
    TIM1_UP_TIM16_IRQHandler                 0x080002c7   Thumb Code     0  startup_stm32g431xx.o(.text)
    TIM2_IRQHandler                          0x080002c7   Thumb Code     0  startup_stm32g431xx.o(.text)
    TIM3_IRQHandler                          0x080002c7   Thumb Code     0  startup_stm32g431xx.o(.text)
    TIM4_IRQHandler                          0x080002c7   Thumb Code     0  startup_stm32g431xx.o(.text)
    TIM6_DAC_IRQHandler                      0x080002c7   Thumb Code     0  startup_stm32g431xx.o(.text)
    TIM7_IRQHandler                          0x080002c7   Thumb Code     0  startup_stm32g431xx.o(.text)
    TIM8_BRK_IRQHandler                      0x080002c7   Thumb Code     0  startup_stm32g431xx.o(.text)
    TIM8_CC_IRQHandler                       0x080002c7   Thumb Code     0  startup_stm32g431xx.o(.text)
    TIM8_TRG_COM_IRQHandler                  0x080002c7   Thumb Code     0  startup_stm32g431xx.o(.text)
    TIM8_UP_IRQHandler                       0x080002c7   Thumb Code     0  startup_stm32g431xx.o(.text)
    UART4_IRQHandler                         0x080002c7   Thumb Code     0  startup_stm32g431xx.o(.text)
    UCPD1_IRQHandler                         0x080002c7   Thumb Code     0  startup_stm32g431xx.o(.text)
    USART1_IRQHandler                        0x080002c7   Thumb Code     0  startup_stm32g431xx.o(.text)
    USART2_IRQHandler                        0x080002c7   Thumb Code     0  startup_stm32g431xx.o(.text)
    USART3_IRQHandler                        0x080002c7   Thumb Code     0  startup_stm32g431xx.o(.text)
    USBWakeUp_IRQHandler                     0x080002c7   Thumb Code     0  startup_stm32g431xx.o(.text)
    USB_HP_IRQHandler                        0x080002c7   Thumb Code     0  startup_stm32g431xx.o(.text)
    USB_LP_IRQHandler                        0x080002c7   Thumb Code     0  startup_stm32g431xx.o(.text)
    WWDG_IRQHandler                          0x080002c7   Thumb Code     0  startup_stm32g431xx.o(.text)
    __aeabi_uldivmod                         0x080002d1   Thumb Code    98  uldiv.o(.text)
    __aeabi_memcpy                           0x08000333   Thumb Code    36  memcpya.o(.text)
    __aeabi_memcpy4                          0x08000333   Thumb Code     0  memcpya.o(.text)
    __aeabi_memcpy8                          0x08000333   Thumb Code     0  memcpya.o(.text)
    __aeabi_memset                           0x08000357   Thumb Code    14  memseta.o(.text)
    __aeabi_memset4                          0x08000357   Thumb Code     0  memseta.o(.text)
    __aeabi_memset8                          0x08000357   Thumb Code     0  memseta.o(.text)
    __aeabi_memclr                           0x08000365   Thumb Code     4  memseta.o(.text)
    __aeabi_memclr4                          0x08000365   Thumb Code     0  memseta.o(.text)
    __aeabi_memclr8                          0x08000365   Thumb Code     0  memseta.o(.text)
    memset                                   0x08000369   Thumb Code    18  memseta.o(.text)
    __aeabi_dadd                             0x0800037b   Thumb Code   322  dadd.o(.text)
    __aeabi_dsub                             0x080004bd   Thumb Code     6  dadd.o(.text)
    __aeabi_drsub                            0x080004c3   Thumb Code     6  dadd.o(.text)
    __aeabi_f2d                              0x080004c9   Thumb Code    38  f2d.o(.text)
    __aeabi_d2f                              0x080004ef   Thumb Code    56  d2f.o(.text)
    __aeabi_llsl                             0x08000527   Thumb Code    30  llshl.o(.text)
    _ll_shift_l                              0x08000527   Thumb Code     0  llshl.o(.text)
    __aeabi_llsr                             0x08000545   Thumb Code    32  llushr.o(.text)
    _ll_ushift_r                             0x08000545   Thumb Code     0  llushr.o(.text)
    __aeabi_lasr                             0x08000565   Thumb Code    36  llsshr.o(.text)
    _ll_sshift_r                             0x08000565   Thumb Code     0  llsshr.o(.text)
    __I$use$fp                               0x08000589   Thumb Code     0  iusefp.o(.text)
    _float_round                             0x08000589   Thumb Code    18  fepilogue.o(.text)
    _float_epilogue                          0x0800059b   Thumb Code    92  fepilogue.o(.text)
    _double_round                            0x080005f7   Thumb Code    30  depilogue.o(.text)
    _double_epilogue                         0x08000615   Thumb Code   156  depilogue.o(.text)
    __scatterload                            0x080006b1   Thumb Code    28  init.o(.text)
    __scatterload_rt2                        0x080006b1   Thumb Code     0  init.o(.text)
    ADC1_GetFiltered                         0x080006d5   Thumb Code    16  adc_filter.o(i.ADC1_GetFiltered)
    ADC2_GetFiltered                         0x080006e9   Thumb Code    16  adc_filter.o(i.ADC2_GetFiltered)
    ADC_DMAConvCplt                          0x080006fd   Thumb Code   104  stm32g4xx_hal_adc.o(i.ADC_DMAConvCplt)
    ADC_DMAError                             0x08000765   Thumb Code    26  stm32g4xx_hal_adc.o(i.ADC_DMAError)
    ADC_DMAHalfConvCplt                      0x0800077f   Thumb Code    10  stm32g4xx_hal_adc.o(i.ADC_DMAHalfConvCplt)
    ADC_Disable                              0x08000789   Thumb Code   106  stm32g4xx_hal_adc.o(i.ADC_Disable)
    ADC_Enable                               0x080007f9   Thumb Code   154  stm32g4xx_hal_adc.o(i.ADC_Enable)
    ADC_Filter_Update                        0x080008a5   Thumb Code   118  adc_filter.o(i.ADC_Filter_Update)
    ADC_To_Angle                             0x0800092d   Thumb Code    30  adc_filter.o(i.ADC_To_Angle)
    Append_CRC16_Check_Sum                   0x08000955   Thumb Code    36  uart_user.o(i.Append_CRC16_Check_Sum)
    BusFault_Handler                         0x0800097d   Thumb Code     2  stm32g4xx_it.o(i.BusFault_Handler)
    DMA1_Channel1_IRQHandler                 0x08000981   Thumb Code     6  stm32g4xx_it.o(i.DMA1_Channel1_IRQHandler)
    DMA1_Channel2_IRQHandler                 0x0800098d   Thumb Code     6  stm32g4xx_it.o(i.DMA1_Channel2_IRQHandler)
    DebugMon_Handler                         0x08000a3b   Thumb Code     2  stm32g4xx_it.o(i.DebugMon_Handler)
    Error_Handler                            0x08000a3d   Thumb Code     4  main.o(i.Error_Handler)
    FDCAN1_IT0_IRQHandler                    0x08000a41   Thumb Code     6  stm32g4xx_it.o(i.FDCAN1_IT0_IRQHandler)
    FDCAN_DM_cmd_SETZERO                     0x08000ab1   Thumb Code    74  can_user.o(i.FDCAN_DM_cmd_SETZERO)
    FDCAN_DM_cmd_STATE                       0x08000b25   Thumb Code    82  can_user.o(i.FDCAN_DM_cmd_STATE)
    FDCAN_Filter_Init                        0x08000ba1   Thumb Code    76  can_user.o(i.FDCAN_Filter_Init)
    Get_CRC16_Check_Sum                      0x08000c49   Thumb Code    38  uart_user.o(i.Get_CRC16_Check_Sum)
    Get_CRC8_Check_Sum                       0x08000c75   Thumb Code    24  uart_user.o(i.Get_CRC8_Check_Sum)
    HAL_ADCEx_Calibration_Start              0x08000c91   Thumb Code   138  stm32g4xx_hal_adc_ex.o(i.HAL_ADCEx_Calibration_Start)
    HAL_ADCEx_MultiModeConfigChannel         0x08000d25   Thumb Code   208  stm32g4xx_hal_adc_ex.o(i.HAL_ADCEx_MultiModeConfigChannel)
    HAL_ADC_ConfigChannel                    0x08000dfd   Thumb Code  1006  stm32g4xx_hal_adc.o(i.HAL_ADC_ConfigChannel)
    HAL_ADC_ConvCpltCallback                 0x08001221   Thumb Code     2  stm32g4xx_hal_adc.o(i.HAL_ADC_ConvCpltCallback)
    HAL_ADC_ConvHalfCpltCallback             0x08001223   Thumb Code     2  stm32g4xx_hal_adc.o(i.HAL_ADC_ConvHalfCpltCallback)
    HAL_ADC_ErrorCallback                    0x08001225   Thumb Code     2  stm32g4xx_hal_adc.o(i.HAL_ADC_ErrorCallback)
    HAL_ADC_Init                             0x08001229   Thumb Code   466  stm32g4xx_hal_adc.o(i.HAL_ADC_Init)
    HAL_ADC_MspInit                          0x0800141d   Thumb Code   358  adc.o(i.HAL_ADC_MspInit)
    HAL_ADC_Start_DMA                        0x0800159d   Thumb Code   214  stm32g4xx_hal_adc.o(i.HAL_ADC_Start_DMA)
    HAL_DMA_IRQHandler                       0x0800168d   Thumb Code   186  stm32g4xx_hal_dma.o(i.HAL_DMA_IRQHandler)
    HAL_DMA_Init                             0x08001749   Thumb Code   178  stm32g4xx_hal_dma.o(i.HAL_DMA_Init)
    HAL_DMA_Start_IT                         0x08001809   Thumb Code   140  stm32g4xx_hal_dma.o(i.HAL_DMA_Start_IT)
    HAL_FDCAN_ActivateNotification           0x08001895   Thumb Code   224  stm32g4xx_hal_fdcan.o(i.HAL_FDCAN_ActivateNotification)
    HAL_FDCAN_AddMessageToTxFifoQ            0x08001975   Thumb Code    74  stm32g4xx_hal_fdcan.o(i.HAL_FDCAN_AddMessageToTxFifoQ)
    HAL_FDCAN_ConfigFilter                   0x080019bf   Thumb Code    92  stm32g4xx_hal_fdcan.o(i.HAL_FDCAN_ConfigFilter)
    HAL_FDCAN_ErrorCallback                  0x08001a1b   Thumb Code     2  stm32g4xx_hal_fdcan.o(i.HAL_FDCAN_ErrorCallback)
    HAL_FDCAN_ErrorStatusCallback            0x08001a1d   Thumb Code     2  stm32g4xx_hal_fdcan.o(i.HAL_FDCAN_ErrorStatusCallback)
    HAL_FDCAN_GetRxMessage                   0x08001a21   Thumb Code   270  stm32g4xx_hal_fdcan.o(i.HAL_FDCAN_GetRxMessage)
    HAL_FDCAN_HighPriorityMessageCallback    0x08001b35   Thumb Code     2  stm32g4xx_hal_fdcan.o(i.HAL_FDCAN_HighPriorityMessageCallback)
    HAL_FDCAN_IRQHandler                     0x08001b37   Thumb Code   356  stm32g4xx_hal_fdcan.o(i.HAL_FDCAN_IRQHandler)
    HAL_FDCAN_Init                           0x08001c9d   Thumb Code   498  stm32g4xx_hal_fdcan.o(i.HAL_FDCAN_Init)
    HAL_FDCAN_MspInit                        0x08001ea1   Thumb Code   130  fdcan.o(i.HAL_FDCAN_MspInit)
    HAL_FDCAN_RxFifo0Callback                0x08001f2d   Thumb Code    28  can_user.o(i.HAL_FDCAN_RxFifo0Callback)
    HAL_FDCAN_RxFifo1Callback                0x08001f5d   Thumb Code     2  stm32g4xx_hal_fdcan.o(i.HAL_FDCAN_RxFifo1Callback)
    HAL_FDCAN_Start                          0x08001f5f   Thumb Code    44  stm32g4xx_hal_fdcan.o(i.HAL_FDCAN_Start)
    HAL_FDCAN_TimeoutOccurredCallback        0x08001f8b   Thumb Code     2  stm32g4xx_hal_fdcan.o(i.HAL_FDCAN_TimeoutOccurredCallback)
    HAL_FDCAN_TimestampWraparoundCallback    0x08001f8d   Thumb Code     2  stm32g4xx_hal_fdcan.o(i.HAL_FDCAN_TimestampWraparoundCallback)
    HAL_FDCAN_TxBufferAbortCallback          0x08001f8f   Thumb Code     2  stm32g4xx_hal_fdcan.o(i.HAL_FDCAN_TxBufferAbortCallback)
    HAL_FDCAN_TxBufferCompleteCallback       0x08001f91   Thumb Code     2  stm32g4xx_hal_fdcan.o(i.HAL_FDCAN_TxBufferCompleteCallback)
    HAL_FDCAN_TxEventFifoCallback            0x08001f93   Thumb Code     2  stm32g4xx_hal_fdcan.o(i.HAL_FDCAN_TxEventFifoCallback)
    HAL_FDCAN_TxFifoEmptyCallback            0x08001f95   Thumb Code     2  stm32g4xx_hal_fdcan.o(i.HAL_FDCAN_TxFifoEmptyCallback)
    HAL_GPIO_Init                            0x08001f99   Thumb Code   550  stm32g4xx_hal_gpio.o(i.HAL_GPIO_Init)
    HAL_GPIO_ReadPin                         0x080021e1   Thumb Code    10  stm32g4xx_hal_gpio.o(i.HAL_GPIO_ReadPin)
    HAL_GPIO_TogglePin                       0x080021eb   Thumb Code    16  stm32g4xx_hal_gpio.o(i.HAL_GPIO_TogglePin)
    HAL_GPIO_WritePin                        0x080021fb   Thumb Code    10  stm32g4xx_hal_gpio.o(i.HAL_GPIO_WritePin)
    HAL_GetTick                              0x08002205   Thumb Code     6  stm32g4xx_hal.o(i.HAL_GetTick)
    HAL_IncTick                              0x08002211   Thumb Code    12  stm32g4xx_hal.o(i.HAL_IncTick)
    HAL_Init                                 0x08002221   Thumb Code    30  stm32g4xx_hal.o(i.HAL_Init)
    HAL_InitTick                             0x08002241   Thumb Code    58  stm32g4xx_hal.o(i.HAL_InitTick)
    HAL_MspInit                              0x08002285   Thumb Code    54  stm32g4xx_hal_msp.o(i.HAL_MspInit)
    HAL_NVIC_EnableIRQ                       0x080022c1   Thumb Code    26  stm32g4xx_hal_cortex.o(i.HAL_NVIC_EnableIRQ)
    HAL_NVIC_SetPriority                     0x080022dd   Thumb Code    60  stm32g4xx_hal_cortex.o(i.HAL_NVIC_SetPriority)
    HAL_NVIC_SetPriorityGrouping             0x0800231d   Thumb Code    26  stm32g4xx_hal_cortex.o(i.HAL_NVIC_SetPriorityGrouping)
    HAL_PWREx_ControlVoltageScaling          0x08002341   Thumb Code   174  stm32g4xx_hal_pwr_ex.o(i.HAL_PWREx_ControlVoltageScaling)
    HAL_PWREx_DisableUCPDDeadBattery         0x080023fd   Thumb Code    12  stm32g4xx_hal_pwr_ex.o(i.HAL_PWREx_DisableUCPDDeadBattery)
    HAL_RCCEx_PeriphCLKConfig                0x0800240d   Thumb Code   638  stm32g4xx_hal_rcc_ex.o(i.HAL_RCCEx_PeriphCLKConfig)
    HAL_RCC_ClockConfig                      0x08002695   Thumb Code   444  stm32g4xx_hal_rcc.o(i.HAL_RCC_ClockConfig)
    HAL_RCC_GetPCLK1Freq                     0x08002871   Thumb Code    24  stm32g4xx_hal_rcc.o(i.HAL_RCC_GetPCLK1Freq)
    HAL_RCC_GetPCLK2Freq                     0x08002895   Thumb Code    24  stm32g4xx_hal_rcc.o(i.HAL_RCC_GetPCLK2Freq)
    HAL_RCC_GetSysClockFreq                  0x080028b9   Thumb Code    98  stm32g4xx_hal_rcc.o(i.HAL_RCC_GetSysClockFreq)
    HAL_RCC_OscConfig                        0x08002925   Thumb Code  1028  stm32g4xx_hal_rcc.o(i.HAL_RCC_OscConfig)
    HAL_SYSTICK_Config                       0x08002d29   Thumb Code    40  stm32g4xx_hal_cortex.o(i.HAL_SYSTICK_Config)
    HAL_UARTEx_DisableFifoMode               0x08002d51   Thumb Code    62  stm32g4xx_hal_uart_ex.o(i.HAL_UARTEx_DisableFifoMode)
    HAL_UARTEx_SetRxFifoThreshold            0x08002d8f   Thumb Code    76  stm32g4xx_hal_uart_ex.o(i.HAL_UARTEx_SetRxFifoThreshold)
    HAL_UARTEx_SetTxFifoThreshold            0x08002ddb   Thumb Code    76  stm32g4xx_hal_uart_ex.o(i.HAL_UARTEx_SetTxFifoThreshold)
    HAL_UART_Init                            0x08002e27   Thumb Code   106  stm32g4xx_hal_uart.o(i.HAL_UART_Init)
    HAL_UART_MspInit                         0x08002e91   Thumb Code   256  usart.o(i.HAL_UART_MspInit)
    HAL_UART_Transmit                        0x08002fa9   Thumb Code   174  stm32g4xx_hal_uart.o(i.HAL_UART_Transmit)
    HardFault_Handler                        0x08003057   Thumb Code     2  stm32g4xx_it.o(i.HardFault_Handler)
    MX_ADC1_Init                             0x080030bd   Thumb Code   182  adc.o(i.MX_ADC1_Init)
    MX_ADC2_Init                             0x08003185   Thumb Code   158  adc.o(i.MX_ADC2_Init)
    MX_DMA_Init                              0x08003239   Thumb Code    72  dma.o(i.MX_DMA_Init)
    MX_FDCAN1_Init                           0x08003285   Thumb Code    70  fdcan.o(i.MX_FDCAN1_Init)
    MX_FREERTOS_Init                         0x080032d5   Thumb Code    60  app_freertos.o(i.MX_FREERTOS_Init)
    MX_GPIO_Init                             0x08003329   Thumb Code   186  gpio.o(i.MX_GPIO_Init)
    MX_USART1_UART_Init                      0x080033f1   Thumb Code    94  usart.o(i.MX_USART1_UART_Init)
    MX_USART2_UART_Init                      0x08003459   Thumb Code    94  usart.o(i.MX_USART2_UART_Init)
    MX_USART3_UART_Init                      0x080034c1   Thumb Code    94  usart.o(i.MX_USART3_UART_Init)
    MemManage_Handler                        0x08003529   Thumb Code     2  stm32g4xx_it.o(i.MemManage_Handler)
    NMI_Handler                              0x0800352b   Thumb Code     2  stm32g4xx_it.o(i.NMI_Handler)
    StartMotorCTRL_Task                      0x0800352d   Thumb Code   434  app_freertos.o(i.StartMotorCTRL_Task)
    Start_BlueLED_Task                       0x0800371d   Thumb Code    18  app_freertos.o(i.Start_BlueLED_Task)
    Start_GetADC_Task                        0x08003735   Thumb Code   274  app_freertos.o(i.Start_GetADC_Task)
    Start_Serial_Task                        0x0800388d   Thumb Code    12  app_freertos.o(i.Start_Serial_Task)
    SysTick_Handler                          0x08003899   Thumb Code    24  stm32g4xx_it.o(i.SysTick_Handler)
    SystemClock_Config                       0x080038b1   Thumb Code   100  main.o(i.SystemClock_Config)
    SystemInit                               0x08003915   Thumb Code    12  system_stm32g4xx.o(i.SystemInit)
    UART_AdvFeatureConfig                    0x08003969   Thumb Code   200  stm32g4xx_hal_uart.o(i.UART_AdvFeatureConfig)
    UART_CheckIdleState                      0x08003a31   Thumb Code   172  stm32g4xx_hal_uart.o(i.UART_CheckIdleState)
    UART_SetConfig                           0x08003b31   Thumb Code   582  stm32g4xx_hal_uart.o(i.UART_SetConfig)
    UART_WaitOnFlagUntilTimeout              0x08003da5   Thumb Code   148  stm32g4xx_hal_uart.o(i.UART_WaitOnFlagUntilTimeout)
    UsageFault_Handler                       0x08003e39   Thumb Code     2  stm32g4xx_it.o(i.UsageFault_Handler)
    __0printf$bare                           0x08003e3d   Thumb Code     8  printfb.o(i.__0printf$bare)
    __1printf$bare                           0x08003e3d   Thumb Code     0  printfb.o(i.__0printf$bare)
    __2printf                                0x08003e3d   Thumb Code     0  printfb.o(i.__0printf$bare)
    __scatterload_copy                       0x08003e6d   Thumb Code    14  handlers.o(i.__scatterload_copy)
    __scatterload_null                       0x08003e7b   Thumb Code     2  handlers.o(i.__scatterload_null)
    __scatterload_zeroinit                   0x08003e7d   Thumb Code    14  handlers.o(i.__scatterload_zeroinit)
    adc1_user_init                           0x08003ead   Thumb Code    30  adc_user.o(i.adc1_user_init)
    adc2_user_init                           0x08003ed5   Thumb Code    30  adc_user.o(i.adc2_user_init)
    catch_out_test                           0x08003efd   Thumb Code    54  arm_ctrl.o(i.catch_out_test)
    enable_state_test                        0x08003f39   Thumb Code    62  arm_ctrl.o(i.enable_state_test)
    fputc                                    0x08003f7d   Thumb Code    26  main.o(i.fputc)
    get_first_test                           0x08003f9d   Thumb Code    62  arm_ctrl.o(i.get_first_test)
    get_second_test                          0x08003fe1   Thumb Code    56  arm_ctrl.o(i.get_second_test)
    hold_state_test                          0x08004019   Thumb Code    62  arm_ctrl.o(i.hold_state_test)
    main                                     0x0800405d   Thumb Code    54  main.o(i.main)
    motor_pos_limit                          0x08004095   Thumb Code   144  arm_ctrl.o(i.motor_pos_limit)
    osDelay                                  0x08004165   Thumb Code    26  cmsis_os2.o(i.osDelay)
    osKernelInitialize                       0x08004181   Thumb Code    32  cmsis_os2.o(i.osKernelInitialize)
    osKernelStart                            0x080041a5   Thumb Code    48  cmsis_os2.o(i.osKernelStart)
    osThreadNew                              0x080041dd   Thumb Code   138  cmsis_os2.o(i.osThreadNew)
    put_first_kuang_test                     0x080049fd   Thumb Code    54  arm_ctrl.o(i.put_first_kuang_test)
    put_first_kuang_test2                    0x08004a39   Thumb Code    56  arm_ctrl.o(i.put_first_kuang_test2)
    pvPortMalloc                             0x08004a71   Thumb Code   216  heap_4.o(i.pvPortMalloc)
    pxPortInitialiseStack                    0x08004b4d   Thumb Code    40  port.o(i.pxPortInitialiseStack)
    uart_transmit_arm_data                   0x08004b79   Thumb Code   128  uart_user.o(i.uart_transmit_arm_data)
    uxListRemove                             0x08004c05   Thumb Code    38  list.o(i.uxListRemove)
    vApplicationGetIdleTaskMemory            0x08004c2d   Thumb Code    16  cmsis_os2.o(i.vApplicationGetIdleTaskMemory)
    vApplicationGetTimerTaskMemory           0x08004c41   Thumb Code    18  cmsis_os2.o(i.vApplicationGetTimerTaskMemory)
    vListInitialise                          0x08004c59   Thumb Code    22  list.o(i.vListInitialise)
    vListInitialiseItem                      0x08004c6f   Thumb Code     6  list.o(i.vListInitialiseItem)
    vListInsert                              0x08004c75   Thumb Code    48  list.o(i.vListInsert)
    vListInsertEnd                           0x08004ca5   Thumb Code    24  list.o(i.vListInsertEnd)
    vPortEnterCritical                       0x08004cbd   Thumb Code    54  port.o(i.vPortEnterCritical)
    vPortExitCritical                        0x08004cfd   Thumb Code    34  port.o(i.vPortExitCritical)
    vPortFree                                0x08004d25   Thumb Code    94  heap_4.o(i.vPortFree)
    vPortSetupTimerInterrupt                 0x08004d89   Thumb Code    32  port.o(i.vPortSetupTimerInterrupt)
    vPortValidateInterruptPriority           0x08004dad   Thumb Code    74  port.o(i.vPortValidateInterruptPriority)
    vQueueAddToRegistry                      0x08004e01   Thumb Code    34  queue.o(i.vQueueAddToRegistry)
    vQueueWaitForMessageRestricted           0x08004e29   Thumb Code    68  queue.o(i.vQueueWaitForMessageRestricted)
    vTaskDelay                               0x08004e6d   Thumb Code    66  tasks.o(i.vTaskDelay)
    vTaskInternalSetTimeOutState             0x08004eb9   Thumb Code    12  tasks.o(i.vTaskInternalSetTimeOutState)
    vTaskMissedYield                         0x08004ec9   Thumb Code     8  tasks.o(i.vTaskMissedYield)
    vTaskPlaceOnEventList                    0x08004ed5   Thumb Code    44  tasks.o(i.vTaskPlaceOnEventList)
    vTaskPlaceOnEventListRestricted          0x08004f05   Thumb Code    52  tasks.o(i.vTaskPlaceOnEventListRestricted)
    vTaskStartScheduler                      0x08004f3d   Thumb Code   118  tasks.o(i.vTaskStartScheduler)
    vTaskSuspendAll                          0x08004fc5   Thumb Code    10  tasks.o(i.vTaskSuspendAll)
    vTaskSwitchContext                       0x08004fd5   Thumb Code    90  tasks.o(i.vTaskSwitchContext)
    xPortStartScheduler                      0x08005039   Thumb Code   222  port.o(i.xPortStartScheduler)
    xPortSysTickHandler                      0x0800512d   Thumb Code    38  port.o(i.xPortSysTickHandler)
    xQueueGenericCreateStatic                0x08005159   Thumb Code   102  queue.o(i.xQueueGenericCreateStatic)
    xQueueGenericReset                       0x080051c1   Thumb Code   132  queue.o(i.xQueueGenericReset)
    xQueueGenericSend                        0x08005249   Thumb Code   346  queue.o(i.xQueueGenericSend)
    xQueueGenericSendFromISR                 0x080053a9   Thumb Code   190  queue.o(i.xQueueGenericSendFromISR)
    xQueueReceive                            0x08005469   Thumb Code   308  queue.o(i.xQueueReceive)
    xTaskCheckForTimeOut                     0x080055a1   Thumb Code   112  tasks.o(i.xTaskCheckForTimeOut)
    xTaskCreate                              0x08005615   Thumb Code    90  tasks.o(i.xTaskCreate)
    xTaskCreateStatic                        0x0800566f   Thumb Code    86  tasks.o(i.xTaskCreateStatic)
    xTaskGetSchedulerState                   0x080056c5   Thumb Code    22  tasks.o(i.xTaskGetSchedulerState)
    xTaskGetTickCount                        0x080056e1   Thumb Code     6  tasks.o(i.xTaskGetTickCount)
    xTaskIncrementTick                       0x080056ed   Thumb Code   192  tasks.o(i.xTaskIncrementTick)
    xTaskPriorityDisinherit                  0x080057b5   Thumb Code   118  tasks.o(i.xTaskPriorityDisinherit)
    xTaskRemoveFromEventList                 0x08005835   Thumb Code    98  tasks.o(i.xTaskRemoveFromEventList)
    xTaskResumeAll                           0x080058a5   Thumb Code   182  tasks.o(i.xTaskResumeAll)
    xTimerCreateTimerTask                    0x08005969   Thumb Code    78  timers.o(i.xTimerCreateTimerTask)
    xTimerGenericCommand                     0x080059c9   Thumb Code    98  timers.o(i.xTimerGenericCommand)
    BlueLED_Task_attributes                  0x08005a30   Data          36  app_freertos.o(.constdata)
    GetADC_Task_attributes                   0x08005a54   Data          36  app_freertos.o(.constdata)
    MotorCTRL_Task_attributes                0x08005a78   Data          36  app_freertos.o(.constdata)
    Serial_Task_attributes                   0x08005a9c   Data          36  app_freertos.o(.constdata)
    UARTPrescTable                           0x08005ad0   Data          24  stm32g4xx_hal_uart.o(.constdata)
    AHBPrescTable                            0x08005af8   Data          16  system_stm32g4xx.o(.constdata)
    APBPrescTable                            0x08005b08   Data           8  system_stm32g4xx.o(.constdata)
    CRC8_TAB                                 0x08005b10   Data         256  uart_user.o(.constdata)
    wCRC_Table                               0x08005c10   Data         512  uart_user.o(.constdata)
    Region$$Table$$Base                      0x08005e48   Number         0  anon$$obj.o(Region$$Table)
    Region$$Table$$Limit                     0x08005e68   Number         0  anon$$obj.o(Region$$Table)
    BlueLED_TaskHandle                       0x20000008   Data           4  app_freertos.o(.data)
    GetADC_TaskHandle                        0x2000000c   Data           4  app_freertos.o(.data)
    MotorCTRL_TaskHandle                     0x20000010   Data           4  app_freertos.o(.data)
    Serial_TaskHandle                        0x20000014   Data           4  app_freertos.o(.data)
    uwTickPrio                               0x2000001c   Data           4  stm32g4xx_hal.o(.data)
    uwTickFreq                               0x20000020   Data           4  stm32g4xx_hal.o(.data)
    uwTick                                   0x20000024   Data           4  stm32g4xx_hal.o(.data)
    SystemCoreClock                          0x20000028   Data           4  system_stm32g4xx.o(.data)
    pxCurrentTCB                             0x2000002c   Data           4  tasks.o(.data)
    ADC1_buffer                              0x200000ac   Data           6  adc_user.o(.data)
    ADC2_buffer                              0x200000b2   Data           6  adc_user.o(.data)
    uart_tx_header                           0x200000c0   Data           1  uart_user.o(.data)
    CRC_INIT                                 0x200000c2   Data           2  uart_user.o(.data)
    arm_ctrl                                 0x200000c4   Data           5  uart_user.o(.data)
    ctrl_state                               0x200000cf   Data           1  arm_ctrl.o(.data)
    angle_j1                                 0x200000d0   Data           4  arm_ctrl.o(.data)
    angle_j2                                 0x200000d4   Data           4  arm_ctrl.o(.data)
    angle_j3                                 0x200000d8   Data           4  arm_ctrl.o(.data)
    angle_j4                                 0x200000dc   Data           4  arm_ctrl.o(.data)
    angle_j5                                 0x200000e0   Data           4  arm_ctrl.o(.data)
    angle_j6                                 0x200000e4   Data           4  arm_ctrl.o(.data)
    __stdout                                 0x200000e8   Data           4  stdout.o(.data)
    hadc1                                    0x200000ec   Data         108  adc.o(.bss)
    hadc2                                    0x20000158   Data         108  adc.o(.bss)
    hdma_adc1                                0x200001c4   Data          96  adc.o(.bss)
    hdma_adc2                                0x20000224   Data          96  adc.o(.bss)
    hfdcan1                                  0x20000284   Data         100  fdcan.o(.bss)
    huart1                                   0x200002e8   Data         148  usart.o(.bss)
    huart2                                   0x2000037c   Data         148  usart.o(.bss)
    huart3                                   0x20000410   Data         148  usart.o(.bss)
    xQueueRegistry                           0x200004a4   Data          64  queue.o(.bss)
    arm_data                                 0x2000219c   Data          24  uart_user.o(.bss)
    total_arm_ctrl_data                      0x200021b4   Data          30  uart_user.o(.bss)
    totak_arm_data                           0x200021d2   Data          39  uart_user.o(.bss)
    __initial_sp                             0x20002708   Data           0  startup_stm32g431xx.o(STACK)



==============================================================================

Memory Map of the image

  Image Entry point : 0x080001d9

  Load Region LR_IROM1 (Base: 0x08000000, Size: 0x00005f54, Max: 0x00020000, ABSOLUTE)

    Execution Region ER_IROM1 (Exec base: 0x08000000, Load base: 0x08000000, Size: 0x00005e68, Max: 0x00020000, ABSOLUTE)

    Exec Addr    Load Addr    Size         Type   Attr      Idx    E Section Name        Object

    0x08000000   0x08000000   0x000001d8   Data   RO            3    RESET               startup_stm32g431xx.o
    0x080001d8   0x080001d8   0x00000000   Code   RO         5554  * .ARM.Collect$$$$00000000  mc_w.l(entry.o)
    0x080001d8   0x080001d8   0x00000004   Code   RO         5833    .ARM.Collect$$$$00000001  mc_w.l(entry2.o)
    0x080001dc   0x080001dc   0x00000004   Code   RO         5836    .ARM.Collect$$$$00000004  mc_w.l(entry5.o)
    0x080001e0   0x080001e0   0x00000000   Code   RO         5838    .ARM.Collect$$$$00000008  mc_w.l(entry7b.o)
    0x080001e0   0x080001e0   0x00000000   Code   RO         5840    .ARM.Collect$$$$0000000A  mc_w.l(entry8b.o)
    0x080001e0   0x080001e0   0x00000008   Code   RO         5841    .ARM.Collect$$$$0000000B  mc_w.l(entry9a.o)
    0x080001e8   0x080001e8   0x00000000   Code   RO         5843    .ARM.Collect$$$$0000000D  mc_w.l(entry10a.o)
    0x080001e8   0x080001e8   0x00000000   Code   RO         5845    .ARM.Collect$$$$0000000F  mc_w.l(entry11a.o)
    0x080001e8   0x080001e8   0x00000004   Code   RO         5834    .ARM.Collect$$$$00002712  mc_w.l(entry2.o)
    0x080001ec   0x080001ec   0x000000be   Code   RO         5181    .emb_text           port.o
    0x080002aa   0x080002aa   0x00000002   PAD
    0x080002ac   0x080002ac   0x00000024   Code   RO            4    .text               startup_stm32g431xx.o
    0x080002d0   0x080002d0   0x00000062   Code   RO         5557    .text               mc_w.l(uldiv.o)
    0x08000332   0x08000332   0x00000024   Code   RO         5559    .text               mc_w.l(memcpya.o)
    0x08000356   0x08000356   0x00000024   Code   RO         5563    .text               mc_w.l(memseta.o)
    0x0800037a   0x0800037a   0x0000014e   Code   RO         5827    .text               mf_w.l(dadd.o)
    0x080004c8   0x080004c8   0x00000026   Code   RO         5829    .text               mf_w.l(f2d.o)
    0x080004ee   0x080004ee   0x00000038   Code   RO         5831    .text               mf_w.l(d2f.o)
    0x08000526   0x08000526   0x0000001e   Code   RO         5850    .text               mc_w.l(llshl.o)
    0x08000544   0x08000544   0x00000020   Code   RO         5852    .text               mc_w.l(llushr.o)
    0x08000564   0x08000564   0x00000024   Code   RO         5854    .text               mc_w.l(llsshr.o)
    0x08000588   0x08000588   0x00000000   Code   RO         5856    .text               mc_w.l(iusefp.o)
    0x08000588   0x08000588   0x0000006e   Code   RO         5857    .text               mf_w.l(fepilogue.o)
    0x080005f6   0x080005f6   0x000000ba   Code   RO         5859    .text               mf_w.l(depilogue.o)
    0x080006b0   0x080006b0   0x00000024   Code   RO         5869    .text               mc_w.l(init.o)
    0x080006d4   0x080006d4   0x00000014   Code   RO         5438    i.ADC1_GetFiltered  adc_filter.o
    0x080006e8   0x080006e8   0x00000014   Code   RO         5439    i.ADC2_GetFiltered  adc_filter.o
    0x080006fc   0x080006fc   0x00000068   Code   RO          597    i.ADC_DMAConvCplt   stm32g4xx_hal_adc.o
    0x08000764   0x08000764   0x0000001a   Code   RO          598    i.ADC_DMAError      stm32g4xx_hal_adc.o
    0x0800077e   0x0800077e   0x0000000a   Code   RO          599    i.ADC_DMAHalfConvCplt  stm32g4xx_hal_adc.o
    0x08000788   0x08000788   0x00000070   Code   RO          600    i.ADC_Disable       stm32g4xx_hal_adc.o
    0x080007f8   0x080007f8   0x000000ac   Code   RO          601    i.ADC_Enable        stm32g4xx_hal_adc.o
    0x080008a4   0x080008a4   0x00000088   Code   RO         5440    i.ADC_Filter_Update  adc_filter.o
    0x0800092c   0x0800092c   0x00000028   Code   RO         5441    i.ADC_To_Angle      adc_filter.o
    0x08000954   0x08000954   0x00000028   Code   RO         5370    i.Append_CRC16_Check_Sum  uart_user.o
    0x0800097c   0x0800097c   0x00000002   Code   RO          490    i.BusFault_Handler  stm32g4xx_it.o
    0x0800097e   0x0800097e   0x00000002   PAD
    0x08000980   0x08000980   0x0000000c   Code   RO          491    i.DMA1_Channel1_IRQHandler  stm32g4xx_it.o
    0x0800098c   0x0800098c   0x0000000c   Code   RO          492    i.DMA1_Channel2_IRQHandler  stm32g4xx_it.o
    0x08000998   0x08000998   0x00000040   Code   RO         1894    i.DMA_CalcDMAMUXChannelBaseAndMask  stm32g4xx_hal_dma.o
    0x080009d8   0x080009d8   0x00000024   Code   RO         1895    i.DMA_CalcDMAMUXRequestGenBaseAndMask  stm32g4xx_hal_dma.o
    0x080009fc   0x080009fc   0x0000003e   Code   RO         1896    i.DMA_SetConfig     stm32g4xx_hal_dma.o
    0x08000a3a   0x08000a3a   0x00000002   Code   RO          493    i.DebugMon_Handler  stm32g4xx_it.o
    0x08000a3c   0x08000a3c   0x00000004   Code   RO           13    i.Error_Handler     main.o
    0x08000a40   0x08000a40   0x0000000c   Code   RO          494    i.FDCAN1_IT0_IRQHandler  stm32g4xx_it.o
    0x08000a4c   0x08000a4c   0x00000064   Code   RO         2548    i.FDCAN_CopyMessageToRAM  stm32g4xx_hal_fdcan.o
    0x08000ab0   0x08000ab0   0x00000074   Code   RO         5312    i.FDCAN_DM_cmd_SETZERO  can_user.o
    0x08000b24   0x08000b24   0x0000007c   Code   RO         5313    i.FDCAN_DM_cmd_STATE  can_user.o
    0x08000ba0   0x08000ba0   0x000000a8   Code   RO         5314    i.FDCAN_Filter_Init  can_user.o
    0x08000c48   0x08000c48   0x0000002c   Code   RO         5372    i.Get_CRC16_Check_Sum  uart_user.o
    0x08000c74   0x08000c74   0x0000001c   Code   RO         5373    i.Get_CRC8_Check_Sum  uart_user.o
    0x08000c90   0x08000c90   0x00000094   Code   RO          834    i.HAL_ADCEx_Calibration_Start  stm32g4xx_hal_adc_ex.o
    0x08000d24   0x08000d24   0x000000d8   Code   RO          851    i.HAL_ADCEx_MultiModeConfigChannel  stm32g4xx_hal_adc_ex.o
    0x08000dfc   0x08000dfc   0x00000424   Code   RO          603    i.HAL_ADC_ConfigChannel  stm32g4xx_hal_adc.o
    0x08001220   0x08001220   0x00000002   Code   RO          604    i.HAL_ADC_ConvCpltCallback  stm32g4xx_hal_adc.o
    0x08001222   0x08001222   0x00000002   Code   RO          605    i.HAL_ADC_ConvHalfCpltCallback  stm32g4xx_hal_adc.o
    0x08001224   0x08001224   0x00000002   Code   RO          607    i.HAL_ADC_ErrorCallback  stm32g4xx_hal_adc.o
    0x08001226   0x08001226   0x00000002   PAD
    0x08001228   0x08001228   0x000001f4   Code   RO          612    i.HAL_ADC_Init      stm32g4xx_hal_adc.o
    0x0800141c   0x0800141c   0x00000180   Code   RO          322    i.HAL_ADC_MspInit   adc.o
    0x0800159c   0x0800159c   0x000000f0   Code   RO          620    i.HAL_ADC_Start_DMA  stm32g4xx_hal_adc.o
    0x0800168c   0x0800168c   0x000000ba   Code   RO         1902    i.HAL_DMA_IRQHandler  stm32g4xx_hal_dma.o
    0x08001746   0x08001746   0x00000002   PAD
    0x08001748   0x08001748   0x000000c0   Code   RO         1903    i.HAL_DMA_Init      stm32g4xx_hal_dma.o
    0x08001808   0x08001808   0x0000008c   Code   RO         1907    i.HAL_DMA_Start_IT  stm32g4xx_hal_dma.o
    0x08001894   0x08001894   0x000000e0   Code   RO         2550    i.HAL_FDCAN_ActivateNotification  stm32g4xx_hal_fdcan.o
    0x08001974   0x08001974   0x0000004a   Code   RO         2551    i.HAL_FDCAN_AddMessageToTxFifoQ  stm32g4xx_hal_fdcan.o
    0x080019be   0x080019be   0x0000005c   Code   RO         2553    i.HAL_FDCAN_ConfigFilter  stm32g4xx_hal_fdcan.o
    0x08001a1a   0x08001a1a   0x00000002   Code   RO         2574    i.HAL_FDCAN_ErrorCallback  stm32g4xx_hal_fdcan.o
    0x08001a1c   0x08001a1c   0x00000002   Code   RO         2575    i.HAL_FDCAN_ErrorStatusCallback  stm32g4xx_hal_fdcan.o
    0x08001a1e   0x08001a1e   0x00000002   PAD
    0x08001a20   0x08001a20   0x00000114   Code   RO         2584    i.HAL_FDCAN_GetRxMessage  stm32g4xx_hal_fdcan.o
    0x08001b34   0x08001b34   0x00000002   Code   RO         2590    i.HAL_FDCAN_HighPriorityMessageCallback  stm32g4xx_hal_fdcan.o
    0x08001b36   0x08001b36   0x00000164   Code   RO         2591    i.HAL_FDCAN_IRQHandler  stm32g4xx_hal_fdcan.o
    0x08001c9a   0x08001c9a   0x00000002   PAD
    0x08001c9c   0x08001c9c   0x00000204   Code   RO         2592    i.HAL_FDCAN_Init    stm32g4xx_hal_fdcan.o
    0x08001ea0   0x08001ea0   0x0000008c   Code   RO          395    i.HAL_FDCAN_MspInit  fdcan.o
    0x08001f2c   0x08001f2c   0x00000030   Code   RO         5315    i.HAL_FDCAN_RxFifo0Callback  can_user.o
    0x08001f5c   0x08001f5c   0x00000002   Code   RO         2600    i.HAL_FDCAN_RxFifo1Callback  stm32g4xx_hal_fdcan.o
    0x08001f5e   0x08001f5e   0x0000002c   Code   RO         2601    i.HAL_FDCAN_Start   stm32g4xx_hal_fdcan.o
    0x08001f8a   0x08001f8a   0x00000002   Code   RO         2603    i.HAL_FDCAN_TimeoutOccurredCallback  stm32g4xx_hal_fdcan.o
    0x08001f8c   0x08001f8c   0x00000002   Code   RO         2604    i.HAL_FDCAN_TimestampWraparoundCallback  stm32g4xx_hal_fdcan.o
    0x08001f8e   0x08001f8e   0x00000002   Code   RO         2605    i.HAL_FDCAN_TxBufferAbortCallback  stm32g4xx_hal_fdcan.o
    0x08001f90   0x08001f90   0x00000002   Code   RO         2606    i.HAL_FDCAN_TxBufferCompleteCallback  stm32g4xx_hal_fdcan.o
    0x08001f92   0x08001f92   0x00000002   Code   RO         2607    i.HAL_FDCAN_TxEventFifoCallback  stm32g4xx_hal_fdcan.o
    0x08001f94   0x08001f94   0x00000002   Code   RO         2608    i.HAL_FDCAN_TxFifoEmptyCallback  stm32g4xx_hal_fdcan.o
    0x08001f96   0x08001f96   0x00000002   PAD
    0x08001f98   0x08001f98   0x00000248   Code   RO         1759    i.HAL_GPIO_Init     stm32g4xx_hal_gpio.o
    0x080021e0   0x080021e0   0x0000000a   Code   RO         1761    i.HAL_GPIO_ReadPin  stm32g4xx_hal_gpio.o
    0x080021ea   0x080021ea   0x00000010   Code   RO         1762    i.HAL_GPIO_TogglePin  stm32g4xx_hal_gpio.o
    0x080021fa   0x080021fa   0x0000000a   Code   RO         1763    i.HAL_GPIO_WritePin  stm32g4xx_hal_gpio.o
    0x08002204   0x08002204   0x0000000c   Code   RO         1054    i.HAL_GetTick       stm32g4xx_hal.o
    0x08002210   0x08002210   0x00000010   Code   RO         1060    i.HAL_IncTick       stm32g4xx_hal.o
    0x08002220   0x08002220   0x0000001e   Code   RO         1061    i.HAL_Init          stm32g4xx_hal.o
    0x0800223e   0x0800223e   0x00000002   PAD
    0x08002240   0x08002240   0x00000044   Code   RO         1062    i.HAL_InitTick      stm32g4xx_hal.o
    0x08002284   0x08002284   0x0000003c   Code   RO          572    i.HAL_MspInit       stm32g4xx_hal_msp.o
    0x080022c0   0x080022c0   0x0000001a   Code   RO         2408    i.HAL_NVIC_EnableIRQ  stm32g4xx_hal_cortex.o
    0x080022da   0x080022da   0x00000002   PAD
    0x080022dc   0x080022dc   0x00000040   Code   RO         2414    i.HAL_NVIC_SetPriority  stm32g4xx_hal_cortex.o
    0x0800231c   0x0800231c   0x00000024   Code   RO         2415    i.HAL_NVIC_SetPriorityGrouping  stm32g4xx_hal_cortex.o
    0x08002340   0x08002340   0x000000bc   Code   RO         2162    i.HAL_PWREx_ControlVoltageScaling  stm32g4xx_hal_pwr_ex.o
    0x080023fc   0x080023fc   0x00000010   Code   RO         2174    i.HAL_PWREx_DisableUCPDDeadBattery  stm32g4xx_hal_pwr_ex.o
    0x0800240c   0x0800240c   0x00000288   Code   RO         1421    i.HAL_RCCEx_PeriphCLKConfig  stm32g4xx_hal_rcc_ex.o
    0x08002694   0x08002694   0x000001dc   Code   RO         1296    i.HAL_RCC_ClockConfig  stm32g4xx_hal_rcc.o
    0x08002870   0x08002870   0x00000024   Code   RO         1304    i.HAL_RCC_GetPCLK1Freq  stm32g4xx_hal_rcc.o
    0x08002894   0x08002894   0x00000024   Code   RO         1305    i.HAL_RCC_GetPCLK2Freq  stm32g4xx_hal_rcc.o
    0x080028b8   0x080028b8   0x0000006c   Code   RO         1306    i.HAL_RCC_GetSysClockFreq  stm32g4xx_hal_rcc.o
    0x08002924   0x08002924   0x00000404   Code   RO         1309    i.HAL_RCC_OscConfig  stm32g4xx_hal_rcc.o
    0x08002d28   0x08002d28   0x00000028   Code   RO         2419    i.HAL_SYSTICK_Config  stm32g4xx_hal_cortex.o
    0x08002d50   0x08002d50   0x0000003e   Code   RO         3353    i.HAL_UARTEx_DisableFifoMode  stm32g4xx_hal_uart_ex.o
    0x08002d8e   0x08002d8e   0x0000004c   Code   RO         3362    i.HAL_UARTEx_SetRxFifoThreshold  stm32g4xx_hal_uart_ex.o
    0x08002dda   0x08002dda   0x0000004c   Code   RO         3363    i.HAL_UARTEx_SetTxFifoThreshold  stm32g4xx_hal_uart_ex.o
    0x08002e26   0x08002e26   0x0000006a   Code   RO         2962    i.HAL_UART_Init     stm32g4xx_hal_uart.o
    0x08002e90   0x08002e90   0x00000118   Code   RO          437    i.HAL_UART_MspInit  usart.o
    0x08002fa8   0x08002fa8   0x000000ae   Code   RO         2971    i.HAL_UART_Transmit  stm32g4xx_hal_uart.o
    0x08003056   0x08003056   0x00000002   Code   RO          495    i.HardFault_Handler  stm32g4xx_it.o
    0x08003058   0x08003058   0x0000000c   Code   RO          626    i.LL_ADC_GetOffsetChannel  stm32g4xx_hal_adc.o
    0x08003064   0x08003064   0x00000008   Code   RO          627    i.LL_ADC_INJ_IsConversionOngoing  stm32g4xx_hal_adc.o
    0x0800306c   0x0800306c   0x00000008   Code   RO          628    i.LL_ADC_REG_IsConversionOngoing  stm32g4xx_hal_adc.o
    0x08003074   0x08003074   0x00000008   Code   RO          861    i.LL_ADC_REG_IsConversionOngoing  stm32g4xx_hal_adc_ex.o
    0x0800307c   0x0800307c   0x00000010   Code   RO          629    i.LL_ADC_REG_IsTriggerSourceSWStart  stm32g4xx_hal_adc.o
    0x0800308c   0x0800308c   0x0000001e   Code   RO          631    i.LL_ADC_SetChannelSamplingTime  stm32g4xx_hal_adc.o
    0x080030aa   0x080030aa   0x00000010   Code   RO          632    i.LL_ADC_SetOffsetState  stm32g4xx_hal_adc.o
    0x080030ba   0x080030ba   0x00000002   PAD
    0x080030bc   0x080030bc   0x000000c8   Code   RO          323    i.MX_ADC1_Init      adc.o
    0x08003184   0x08003184   0x000000b4   Code   RO          324    i.MX_ADC2_Init      adc.o
    0x08003238   0x08003238   0x0000004c   Code   RO          370    i.MX_DMA_Init       dma.o
    0x08003284   0x08003284   0x00000050   Code   RO          396    i.MX_FDCAN1_Init    fdcan.o
    0x080032d4   0x080032d4   0x00000054   Code   RO          242    i.MX_FREERTOS_Init  app_freertos.o
    0x08003328   0x08003328   0x000000c8   Code   RO          218    i.MX_GPIO_Init      gpio.o
    0x080033f0   0x080033f0   0x00000068   Code   RO          438    i.MX_USART1_UART_Init  usart.o
    0x08003458   0x08003458   0x00000068   Code   RO          439    i.MX_USART2_UART_Init  usart.o
    0x080034c0   0x080034c0   0x00000068   Code   RO          440    i.MX_USART3_UART_Init  usart.o
    0x08003528   0x08003528   0x00000002   Code   RO          496    i.MemManage_Handler  stm32g4xx_it.o
    0x0800352a   0x0800352a   0x00000002   Code   RO          497    i.NMI_Handler       stm32g4xx_it.o
    0x0800352c   0x0800352c   0x000001f0   Code   RO          243    i.StartMotorCTRL_Task  app_freertos.o
    0x0800371c   0x0800371c   0x00000018   Code   RO          244    i.Start_BlueLED_Task  app_freertos.o
    0x08003734   0x08003734   0x00000158   Code   RO          245    i.Start_GetADC_Task  app_freertos.o
    0x0800388c   0x0800388c   0x0000000c   Code   RO          246    i.Start_Serial_Task  app_freertos.o
    0x08003898   0x08003898   0x00000018   Code   RO          498    i.SysTick_Handler   stm32g4xx_it.o
    0x080038b0   0x080038b0   0x00000064   Code   RO           14    i.SystemClock_Config  main.o
    0x08003914   0x08003914   0x00000010   Code   RO         3472    i.SystemInit        system_stm32g4xx.o
    0x08003924   0x08003924   0x00000044   Code   RO         3367    i.UARTEx_SetNbDataToProcess  stm32g4xx_hal_uart_ex.o
    0x08003968   0x08003968   0x000000c8   Code   RO         2976    i.UART_AdvFeatureConfig  stm32g4xx_hal_uart.o
    0x08003a30   0x08003a30   0x000000ac   Code   RO         2977    i.UART_CheckIdleState  stm32g4xx_hal_uart.o
    0x08003adc   0x08003adc   0x00000054   Code   RO         2988    i.UART_EndRxTransfer  stm32g4xx_hal_uart.o
    0x08003b30   0x08003b30   0x00000274   Code   RO         2994    i.UART_SetConfig    stm32g4xx_hal_uart.o
    0x08003da4   0x08003da4   0x00000094   Code   RO         3001    i.UART_WaitOnFlagUntilTimeout  stm32g4xx_hal_uart.o
    0x08003e38   0x08003e38   0x00000002   Code   RO          499    i.UsageFault_Handler  stm32g4xx_it.o
    0x08003e3a   0x08003e3a   0x00000002   PAD
    0x08003e3c   0x08003e3c   0x00000010   Code   RO         5568    i.__0printf$bare    mc_w.l(printfb.o)
    0x08003e4c   0x08003e4c   0x00000020   Code   RO         2421    i.__NVIC_SetPriority  stm32g4xx_hal_cortex.o
    0x08003e6c   0x08003e6c   0x0000000e   Code   RO         5873    i.__scatterload_copy  mc_w.l(handlers.o)
    0x08003e7a   0x08003e7a   0x00000002   Code   RO         5874    i.__scatterload_null  mc_w.l(handlers.o)
    0x08003e7c   0x08003e7c   0x0000000e   Code   RO         5875    i.__scatterload_zeroinit  mc_w.l(handlers.o)
    0x08003e8a   0x08003e8a   0x00000022   Code   RO         5575    i._printf_core      mc_w.l(printfb.o)
    0x08003eac   0x08003eac   0x00000028   Code   RO         5261    i.adc1_user_init    adc_user.o
    0x08003ed4   0x08003ed4   0x00000028   Code   RO         5262    i.adc2_user_init    adc_user.o
    0x08003efc   0x08003efc   0x0000003c   Code   RO         5479    i.catch_out_test    arm_ctrl.o
    0x08003f38   0x08003f38   0x00000044   Code   RO         5480    i.enable_state_test  arm_ctrl.o
    0x08003f7c   0x08003f7c   0x00000020   Code   RO           15    i.fputc             main.o
    0x08003f9c   0x08003f9c   0x00000044   Code   RO         5481    i.get_first_test    arm_ctrl.o
    0x08003fe0   0x08003fe0   0x00000038   Code   RO         5482    i.get_second_test   arm_ctrl.o
    0x08004018   0x08004018   0x00000044   Code   RO         5483    i.hold_state_test   arm_ctrl.o
    0x0800405c   0x0800405c   0x00000036   Code   RO           16    i.main              main.o
    0x08004092   0x08004092   0x00000002   PAD
    0x08004094   0x08004094   0x000000d0   Code   RO         5484    i.motor_pos_limit   arm_ctrl.o
    0x08004164   0x08004164   0x0000001a   Code   RO         4620    i.osDelay           cmsis_os2.o
    0x0800417e   0x0800417e   0x00000002   PAD
    0x08004180   0x08004180   0x00000024   Code   RO         4634    i.osKernelInitialize  cmsis_os2.o
    0x080041a4   0x080041a4   0x00000038   Code   RO         4637    i.osKernelStart     cmsis_os2.o
    0x080041dc   0x080041dc   0x0000008a   Code   RO         4679    i.osThreadNew       cmsis_os2.o
    0x08004266   0x08004266   0x00000002   PAD
    0x08004268   0x08004268   0x0000005c   Code   RO         4080    i.prvAddCurrentTaskToDelayedList  tasks.o
    0x080042c4   0x080042c4   0x000000d0   Code   RO         4081    i.prvAddNewTaskToReadyList  tasks.o
    0x08004394   0x08004394   0x00000058   Code   RO         4445    i.prvCheckForValidListAndQueue  timers.o
    0x080043ec   0x080043ec   0x00000026   Code   RO         3677    i.prvCopyDataFromQueue  queue.o
    0x08004412   0x08004412   0x0000006c   Code   RO         3678    i.prvCopyDataToQueue  queue.o
    0x0800447e   0x0800447e   0x00000034   Code   RO         4082    i.prvDeleteTCB      tasks.o
    0x080044b2   0x080044b2   0x00000002   PAD
    0x080044b4   0x080044b4   0x0000004c   Code   RO         5126    i.prvHeapInit       heap_4.o
    0x08004500   0x08004500   0x00000060   Code   RO         4083    i.prvIdleTask       tasks.o
    0x08004560   0x08004560   0x00000022   Code   RO         3680    i.prvInitialiseNewQueue  queue.o
    0x08004582   0x08004582   0x00000002   PAD
    0x08004584   0x08004584   0x000000b0   Code   RO         4084    i.prvInitialiseNewTask  tasks.o
    0x08004634   0x08004634   0x0000004c   Code   RO         5127    i.prvInsertBlockIntoFreeList  heap_4.o
    0x08004680   0x08004680   0x00000038   Code   RO         4447    i.prvInsertTimerInActiveList  timers.o
    0x080046b8   0x080046b8   0x0000001c   Code   RO         3681    i.prvIsQueueEmpty   queue.o
    0x080046d4   0x080046d4   0x000000fc   Code   RO         4448    i.prvProcessReceivedCommands  timers.o
    0x080047d0   0x080047d0   0x000000c0   Code   RO         4449    i.prvProcessTimerOrBlockTask  timers.o
    0x08004890   0x08004890   0x00000020   Code   RO         4086    i.prvResetNextTaskUnblockTime  tasks.o
    0x080048b0   0x080048b0   0x00000028   Code   RO         4450    i.prvSampleTimeNow  timers.o
    0x080048d8   0x080048d8   0x0000006c   Code   RO         4451    i.prvSwitchTimerLists  timers.o
    0x08004944   0x08004944   0x00000028   Code   RO         5182    i.prvTaskExitError  port.o
    0x0800496c   0x0800496c   0x00000024   Code   RO         4452    i.prvTimerTask      timers.o
    0x08004990   0x08004990   0x0000006a   Code   RO         3682    i.prvUnlockQueue    queue.o
    0x080049fa   0x080049fa   0x00000002   PAD
    0x080049fc   0x080049fc   0x0000003c   Code   RO         5485    i.put_first_kuang_test  arm_ctrl.o
    0x08004a38   0x08004a38   0x00000038   Code   RO         5486    i.put_first_kuang_test2  arm_ctrl.o
    0x08004a70   0x08004a70   0x000000dc   Code   RO         5128    i.pvPortMalloc      heap_4.o
    0x08004b4c   0x08004b4c   0x0000002c   Code   RO         5183    i.pxPortInitialiseStack  port.o
    0x08004b78   0x08004b78   0x0000008c   Code   RO         5376    i.uart_transmit_arm_data  uart_user.o
    0x08004c04   0x08004c04   0x00000026   Code   RO         3637    i.uxListRemove      list.o
    0x08004c2a   0x08004c2a   0x00000002   PAD
    0x08004c2c   0x08004c2c   0x00000014   Code   RO         4691    i.vApplicationGetIdleTaskMemory  cmsis_os2.o
    0x08004c40   0x08004c40   0x00000018   Code   RO         4692    i.vApplicationGetTimerTaskMemory  cmsis_os2.o
    0x08004c58   0x08004c58   0x00000016   Code   RO         3638    i.vListInitialise   list.o
    0x08004c6e   0x08004c6e   0x00000006   Code   RO         3639    i.vListInitialiseItem  list.o
    0x08004c74   0x08004c74   0x00000030   Code   RO         3640    i.vListInsert       list.o
    0x08004ca4   0x08004ca4   0x00000018   Code   RO         3641    i.vListInsertEnd    list.o
    0x08004cbc   0x08004cbc   0x00000040   Code   RO         5185    i.vPortEnterCritical  port.o
    0x08004cfc   0x08004cfc   0x00000028   Code   RO         5186    i.vPortExitCritical  port.o
    0x08004d24   0x08004d24   0x00000064   Code   RO         5129    i.vPortFree         heap_4.o
    0x08004d88   0x08004d88   0x00000024   Code   RO         5187    i.vPortSetupTimerInterrupt  port.o
    0x08004dac   0x08004dac   0x00000054   Code   RO         5188    i.vPortValidateInterruptPriority  port.o
    0x08004e00   0x08004e00   0x00000028   Code   RO         3688    i.vQueueAddToRegistry  queue.o
    0x08004e28   0x08004e28   0x00000044   Code   RO         3692    i.vQueueWaitForMessageRestricted  queue.o
    0x08004e6c   0x08004e6c   0x0000004c   Code   RO         4099    i.vTaskDelay        tasks.o
    0x08004eb8   0x08004eb8   0x00000010   Code   RO         4104    i.vTaskInternalSetTimeOutState  tasks.o
    0x08004ec8   0x08004ec8   0x0000000c   Code   RO         4105    i.vTaskMissedYield  tasks.o
    0x08004ed4   0x08004ed4   0x00000030   Code   RO         4107    i.vTaskPlaceOnEventList  tasks.o
    0x08004f04   0x08004f04   0x00000038   Code   RO         4108    i.vTaskPlaceOnEventListRestricted  tasks.o
    0x08004f3c   0x08004f3c   0x00000088   Code   RO         4116    i.vTaskStartScheduler  tasks.o
    0x08004fc4   0x08004fc4   0x00000010   Code   RO         4118    i.vTaskSuspendAll   tasks.o
    0x08004fd4   0x08004fd4   0x00000064   Code   RO         4119    i.vTaskSwitchContext  tasks.o
    0x08005038   0x08005038   0x000000f4   Code   RO         5189    i.xPortStartScheduler  port.o
    0x0800512c   0x0800512c   0x0000002c   Code   RO         5190    i.xPortSysTickHandler  port.o
    0x08005158   0x08005158   0x00000066   Code   RO         3698    i.xQueueGenericCreateStatic  queue.o
    0x080051be   0x080051be   0x00000002   PAD
    0x080051c0   0x080051c0   0x00000088   Code   RO         3699    i.xQueueGenericReset  queue.o
    0x08005248   0x08005248   0x00000160   Code   RO         3700    i.xQueueGenericSend  queue.o
    0x080053a8   0x080053a8   0x000000be   Code   RO         3701    i.xQueueGenericSendFromISR  queue.o
    0x08005466   0x08005466   0x00000002   PAD
    0x08005468   0x08005468   0x00000138   Code   RO         3710    i.xQueueReceive     queue.o
    0x080055a0   0x080055a0   0x00000074   Code   RO         4121    i.xTaskCheckForTimeOut  tasks.o
    0x08005614   0x08005614   0x0000005a   Code   RO         4122    i.xTaskCreate       tasks.o
    0x0800566e   0x0800566e   0x00000056   Code   RO         4123    i.xTaskCreateStatic  tasks.o
    0x080056c4   0x080056c4   0x0000001c   Code   RO         4127    i.xTaskGetSchedulerState  tasks.o
    0x080056e0   0x080056e0   0x0000000c   Code   RO         4128    i.xTaskGetTickCount  tasks.o
    0x080056ec   0x080056ec   0x000000c8   Code   RO         4130    i.xTaskIncrementTick  tasks.o
    0x080057b4   0x080057b4   0x00000080   Code   RO         4133    i.xTaskPriorityDisinherit  tasks.o
    0x08005834   0x08005834   0x00000070   Code   RO         4135    i.xTaskRemoveFromEventList  tasks.o
    0x080058a4   0x080058a4   0x000000c4   Code   RO         4136    i.xTaskResumeAll    tasks.o
    0x08005968   0x08005968   0x00000060   Code   RO         4461    i.xTimerCreateTimerTask  timers.o
    0x080059c8   0x080059c8   0x00000068   Code   RO         4462    i.xTimerGenericCommand  timers.o
    0x08005a30   0x08005a30   0x00000090   Data   RO          247    .constdata          app_freertos.o
    0x08005ac0   0x08005ac0   0x00000010   Data   RO         2609    .constdata          stm32g4xx_hal_fdcan.o
    0x08005ad0   0x08005ad0   0x00000018   Data   RO         3002    .constdata          stm32g4xx_hal_uart.o
    0x08005ae8   0x08005ae8   0x00000010   Data   RO         3368    .constdata          stm32g4xx_hal_uart_ex.o
    0x08005af8   0x08005af8   0x00000010   Data   RO         3473    .constdata          system_stm32g4xx.o
    0x08005b08   0x08005b08   0x00000008   Data   RO         3474    .constdata          system_stm32g4xx.o
    0x08005b10   0x08005b10   0x00000300   Data   RO         5379    .constdata          uart_user.o
    0x08005e10   0x08005e10   0x00000038   Data   RO          248    .conststring        app_freertos.o
    0x08005e48   0x08005e48   0x00000020   Data   RO         5871    Region$$Table       anon$$obj.o


    Execution Region RW_IRAM1 (Exec base: 0x20000000, Load base: 0x08005e68, Size: 0x00002708, Max: 0x00008000, ABSOLUTE)

    Exec Addr    Load Addr    Size         Type   Attr      Idx    E Section Name        Object

    0x20000000   0x08005e68   0x00000018   Data   RW          249    .data               app_freertos.o
    0x20000018   0x08005e80   0x00000004   Data   RW          326    .data               adc.o
    0x2000001c   0x08005e84   0x0000000c   Data   RW         1081    .data               stm32g4xx_hal.o
    0x20000028   0x08005e90   0x00000004   Data   RW         3475    .data               system_stm32g4xx.o
    0x2000002c   0x08005e94   0x0000003c   Data   RW         4139    .data               tasks.o
    0x20000068   0x08005ed0   0x00000014   Data   RW         4470    .data               timers.o
    0x2000007c   0x08005ee4   0x00000004   Data   RW         4694    .data               cmsis_os2.o
    0x20000080   0x08005ee8   0x00000020   Data   RW         5135    .data               heap_4.o
    0x200000a0   0x08005f08   0x0000000c   Data   RW         5191    .data               port.o
    0x200000ac   0x08005f14   0x0000000c   Data   RW         5263    .data               adc_user.o
    0x200000b8   0x08005f20   0x00000008   Data   RW         5317    .data               can_user.o
    0x200000c0   0x08005f28   0x0000000e   Data   RW         5380    .data               uart_user.o
    0x200000ce   0x08005f36   0x00000001   Data   RW         5444    .data               adc_filter.o
    0x200000cf   0x08005f37   0x00000001   Data   RW         5487    .data               arm_ctrl.o
    0x200000d0   0x08005f38   0x00000004   Data   RW         5488    .data               arm_ctrl.o
    0x200000d4   0x08005f3c   0x00000004   Data   RW         5489    .data               arm_ctrl.o
    0x200000d8   0x08005f40   0x00000004   Data   RW         5490    .data               arm_ctrl.o
    0x200000dc   0x08005f44   0x00000004   Data   RW         5491    .data               arm_ctrl.o
    0x200000e0   0x08005f48   0x00000004   Data   RW         5492    .data               arm_ctrl.o
    0x200000e4   0x08005f4c   0x00000004   Data   RW         5493    .data               arm_ctrl.o
    0x200000e8   0x08005f50   0x00000004   Data   RW         5847    .data               mc_w.l(stdout.o)
    0x200000ec        -       0x00000198   Zero   RW          325    .bss                adc.o
    0x20000284        -       0x00000064   Zero   RW          397    .bss                fdcan.o
    0x200002e8        -       0x000001bc   Zero   RW          441    .bss                usart.o
    0x200004a4        -       0x00000040   Zero   RW         3714    .bss                queue.o
    0x200004e4        -       0x000004c4   Zero   RW         4138    .bss                tasks.o
    0x200009a8        -       0x00000118   Zero   RW         4469    .bss                timers.o
    0x20000ac0        -       0x000006b8   Zero   RW         4693    .bss                cmsis_os2.o
    0x20001178        -       0x00001000   Zero   RW         5134    .bss                heap_4.o
    0x20002178        -       0x00000024   Zero   RW         5316    .bss                can_user.o
    0x2000219c        -       0x0000005d   Zero   RW         5377    .bss                uart_user.o
    0x200021f9   0x08005f54   0x00000003   PAD
    0x200021fc        -       0x00000108   Zero   RW         5442    .bss                adc_filter.o
    0x20002304   0x08005f54   0x00000004   PAD
    0x20002308        -       0x00000400   Zero   RW            1    STACK               startup_stm32g431xx.o


==============================================================================

Image component sizes


      Code (inc. data)   RO Data    RW Data    ZI Data      Debug   Object Name

       764         66          0          4        408       3242   adc.o
       216         36          0          1        264       3287   adc_filter.o
        80         20          0         12          0       1852   adc_user.o
       960        162        200         24          0       4716   app_freertos.o
       644        100          0         25          0       6510   arm_ctrl.o
       456        196          0          8         36       3828   can_user.o
       300         22          0          4       1720      65341   cmsis_os2.o
        76          4          0          0          0        910   dma.o
         0          0          0          0          0      19688   event_groups.o
       220         20          0          0        100       1955   fdcan.o
       200         14          0          0          0       1083   gpio.o
       472         24          0         32       4096       5139   heap_4.o
       138          0          0          0          0       3822   list.o
       190          6          0          0          0     651621   main.o
       786         82          0         12          0      12057   port.o
      1514         20          0          0         64      18104   queue.o
        36          8        472          0       1024        880   startup_stm32g431xx.o
       126         20          0         12          0       3957   stm32g4xx_hal.o
      2320        138          0          0          0      81879   stm32g4xx_hal_adc.o
       372         18          0          0          0      69429   stm32g4xx_hal_adc_ex.o
       198         14          0          0          0      34111   stm32g4xx_hal_cortex.o
       680         30          0          0          0       5387   stm32g4xx_hal_dma.o
      1702         28         16          0          0      17434   stm32g4xx_hal_fdcan.o
       620         34          0          0          0       3876   stm32g4xx_hal_gpio.o
        60          6          0          0          0        962   stm32g4xx_hal_msp.o
       204         18          0          0          0       1497   stm32g4xx_hal_pwr_ex.o
      1684         88          0          0          0       6552   stm32g4xx_hal_rcc.o
       648         10          0          0          0       1976   stm32g4xx_hal_rcc_ex.o
      1512         72         24          0          0      26798   stm32g4xx_hal_uart.o
       282          6         16          0          0       3901   stm32g4xx_hal_uart_ex.o
        72         18          0          0          0       5221   stm32g4xx_it.o
         0          0          0          0          0        392   stream_buffer.o
        16          4         24          4          0       1267   system_stm32g4xx.o
      2084        168          0         60       1220      28100   tasks.o
       972         80          0         20        280      32915   timers.o
       252         26        768         14         93       4567   uart_user.o
       592         54          0          0        444       3564   usart.o

    ----------------------------------------------------------------------
     21488       1612       1552        232       9756    1137820   Object Totals
         0          0         32          0          0          0   (incl. Generated)
        40          0          0          0          7          0   (incl. Padding)

    ----------------------------------------------------------------------

      Code (inc. data)   RO Data    RW Data    ZI Data      Debug   Library Member Name

         0          0          0          0          0          0   entry.o
         0          0          0          0          0          0   entry10a.o
         0          0          0          0          0          0   entry11a.o
         8          4          0          0          0          0   entry2.o
         4          0          0          0          0          0   entry5.o
         0          0          0          0          0          0   entry7b.o
         0          0          0          0          0          0   entry8b.o
         8          4          0          0          0          0   entry9a.o
        30          0          0          0          0          0   handlers.o
        36          8          0          0          0         68   init.o
         0          0          0          0          0          0   iusefp.o
        30          0          0          0          0         68   llshl.o
        36          0          0          0          0         68   llsshr.o
        32          0          0          0          0         68   llushr.o
        36          0          0          0          0         68   memcpya.o
        36          0          0          0          0        108   memseta.o
        50          8          0          0          0        152   printfb.o
         0          0          0          4          0          0   stdout.o
        98          0          0          0          0         92   uldiv.o
        56          0          0          0          0         88   d2f.o
       334          0          0          0          0        148   dadd.o
       186          0          0          0          0        176   depilogue.o
        38          0          0          0          0         68   f2d.o
       110          0          0          0          0        168   fepilogue.o

    ----------------------------------------------------------------------
      1128         24          0          4          0       1340   Library Totals
         0          0          0          0          0          0   (incl. Padding)

    ----------------------------------------------------------------------

      Code (inc. data)   RO Data    RW Data    ZI Data      Debug   Library Name

       404         24          0          4          0        692   mc_w.l
       724          0          0          0          0        648   mf_w.l

    ----------------------------------------------------------------------
      1128         24          0          4          0       1340   Library Totals

    ----------------------------------------------------------------------

==============================================================================


      Code (inc. data)   RO Data    RW Data    ZI Data      Debug   

     22616       1636       1552        236       9756    1119892   Grand Totals
     22616       1636       1552        236       9756    1119892   ELF Image Totals
     22616       1636       1552        236          0          0   ROM Totals

==============================================================================

    Total RO  Size (Code + RO Data)                24168 (  23.60kB)
    Total RW  Size (RW Data + ZI Data)              9992 (   9.76kB)
    Total ROM Size (Code + RO Data + RW Data)      24404 (  23.83kB)

==============================================================================

